Component: ARM Compiler 5.06 update 7 (build 960) Tool: armlink [4d3601]

==============================================================================

Section Cross References

    startup_stm32f407xx.o(STACK) refers (Special) to heapauxi.o(.text) for __use_two_region_memory
    startup_stm32f407xx.o(HEAP) refers (Special) to heapauxi.o(.text) for __use_two_region_memory
    startup_stm32f407xx.o(RESET) refers (Special) to heapauxi.o(.text) for __use_two_region_memory
    startup_stm32f407xx.o(RESET) refers to startup_stm32f407xx.o(STACK) for __initial_sp
    startup_stm32f407xx.o(RESET) refers to startup_stm32f407xx.o(.text) for Reset_Handler
    startup_stm32f407xx.o(RESET) refers to stm32f4xx_it.o(i.NMI_Handler) for NMI_Handler
    startup_stm32f407xx.o(RESET) refers to stm32f4xx_it.o(i.HardFault_Handler) for HardFault_Handler
    startup_stm32f407xx.o(RESET) refers to stm32f4xx_it.o(i.MemManage_Handler) for MemManage_Handler
    startup_stm32f407xx.o(RESET) refers to stm32f4xx_it.o(i.BusFault_Handler) for BusFault_Handler
    startup_stm32f407xx.o(RESET) refers to stm32f4xx_it.o(i.UsageFault_Handler) for UsageFault_Handler
    startup_stm32f407xx.o(RESET) refers to stm32f4xx_it.o(i.SVC_Handler) for SVC_Handler
    startup_stm32f407xx.o(RESET) refers to stm32f4xx_it.o(i.DebugMon_Handler) for DebugMon_Handler
    startup_stm32f407xx.o(RESET) refers to stm32f4xx_it.o(i.PendSV_Handler) for PendSV_Handler
    startup_stm32f407xx.o(RESET) refers to stm32f4xx_it.o(i.SysTick_Handler) for SysTick_Handler
    startup_stm32f407xx.o(RESET) refers to stm32f4xx_it.o(i.EXTI0_IRQHandler) for EXTI0_IRQHandler
    startup_stm32f407xx.o(RESET) refers to stm32f4xx_it.o(i.TIM1_UP_TIM10_IRQHandler) for TIM1_UP_TIM10_IRQHandler
    startup_stm32f407xx.o(RESET) refers to stm32f4xx_it.o(i.I2C1_EV_IRQHandler) for I2C1_EV_IRQHandler
    startup_stm32f407xx.o(RESET) refers to stm32f4xx_it.o(i.EXTI15_10_IRQHandler) for EXTI15_10_IRQHandler
    startup_stm32f407xx.o(RESET) refers to stm32f4xx_it.o(i.TIM7_IRQHandler) for TIM7_IRQHandler
    startup_stm32f407xx.o(RESET) refers to stm32f4xx_it.o(i.OTG_FS_IRQHandler) for OTG_FS_IRQHandler
    startup_stm32f407xx.o(.text) refers (Special) to heapauxi.o(.text) for __use_two_region_memory
    startup_stm32f407xx.o(.text) refers to system_stm32f4xx.o(i.SystemInit) for SystemInit
    startup_stm32f407xx.o(.text) refers to __main.o(!!!main) for __main
    startup_stm32f407xx.o(.text) refers to startup_stm32f407xx.o(HEAP) for Heap_Mem
    startup_stm32f407xx.o(.text) refers to startup_stm32f407xx.o(STACK) for Stack_Mem
    mpu6050.o(i.Kalman_getAngle) refers to daddsub_clz.o(x$fpl$dsub) for __aeabi_dsub
    mpu6050.o(i.Kalman_getAngle) refers to dmul.o(x$fpl$dmul) for __aeabi_dmul
    mpu6050.o(i.Kalman_getAngle) refers to daddsub_clz.o(x$fpl$dadd) for __aeabi_dadd
    mpu6050.o(i.Kalman_getAngle) refers to daddsub_clz.o(x$fpl$drsb) for __aeabi_drsub
    mpu6050.o(i.Kalman_getAngle) refers to ddiv.o(x$fpl$ddiv) for __aeabi_ddiv
    mpu6050.o(i.MPU6050_Init) refers to stm32f4xx_hal_i2c.o(i.HAL_I2C_Mem_Read) for HAL_I2C_Mem_Read
    mpu6050.o(i.MPU6050_Init) refers to stm32f4xx_hal_i2c.o(i.HAL_I2C_Mem_Write) for HAL_I2C_Mem_Write
    mpu6050.o(i.MPU6050_Read_Accel) refers to stm32f4xx_hal_i2c.o(i.HAL_I2C_Mem_Read) for HAL_I2C_Mem_Read
    mpu6050.o(i.MPU6050_Read_Accel) refers to dflt_clz.o(x$fpl$dflt) for __aeabi_i2d
    mpu6050.o(i.MPU6050_Read_Accel) refers to dmul.o(x$fpl$dmul) for __aeabi_dmul
    mpu6050.o(i.MPU6050_Read_Accel) refers to ddiv.o(x$fpl$ddiv) for __aeabi_ddiv
    mpu6050.o(i.MPU6050_Read_All) refers to stm32f4xx_hal_i2c.o(i.HAL_I2C_Mem_Read) for HAL_I2C_Mem_Read
    mpu6050.o(i.MPU6050_Read_All) refers to dflt_clz.o(x$fpl$dflt) for __aeabi_i2d
    mpu6050.o(i.MPU6050_Read_All) refers to dmul.o(x$fpl$dmul) for __aeabi_dmul
    mpu6050.o(i.MPU6050_Read_All) refers to ddiv.o(x$fpl$ddiv) for __aeabi_ddiv
    mpu6050.o(i.MPU6050_Read_All) refers to stm32f4xx_hal.o(i.HAL_GetTick) for HAL_GetTick
    mpu6050.o(i.MPU6050_Read_All) refers to dflt_clz.o(x$fpl$dfltu) for __aeabi_ui2d
    mpu6050.o(i.MPU6050_Read_All) refers to sqrt.o(i.__hardfp_sqrt) for __hardfp_sqrt
    mpu6050.o(i.MPU6050_Read_All) refers to deqf.o(x$fpl$deqf) for __aeabi_cdcmpeq
    mpu6050.o(i.MPU6050_Read_All) refers to atan.o(i.__hardfp_atan) for __hardfp_atan
    mpu6050.o(i.MPU6050_Read_All) refers to atan2.o(i.__hardfp_atan2) for __hardfp_atan2
    mpu6050.o(i.MPU6050_Read_All) refers to dleqf.o(x$fpl$dleqf) for __aeabi_cdcmple
    mpu6050.o(i.MPU6050_Read_All) refers to drleqf.o(x$fpl$drleqf) for __aeabi_cdrcmple
    mpu6050.o(i.MPU6050_Read_All) refers to mpu6050.o(i.Kalman_getAngle) for Kalman_getAngle
    mpu6050.o(i.MPU6050_Read_All) refers to fabs.o(i.__hardfp_fabs) for __hardfp_fabs
    mpu6050.o(i.MPU6050_Read_All) refers to basic.o(x$fpl$basic) for __aeabi_dneg
    mpu6050.o(i.MPU6050_Read_All) refers to mpu6050.o(.data) for .data
[...]
    HAL_SRAM_Init                            0x080037e5   Thumb Code    92  stm32f4xx_hal_sram.o(i.HAL_SRAM_Init)
    HAL_SRAM_MspInit                         0x08003841   Thumb Code     4  stm32f4xx_hal_msp.o(i.HAL_SRAM_MspInit)
    HAL_SYSTICK_Config                       0x08003845   Thumb Code    40  stm32f4xx_hal_cortex.o(i.HAL_SYSTICK_Config)
    HAL_TIMEx_BreakCallback                  0x0800386d   Thumb Code     2  stm32f4xx_hal_tim_ex.o(i.HAL_TIMEx_BreakCallback)
    HAL_TIMEx_CommutCallback                 0x0800386f   Thumb Code     2  stm32f4xx_hal_tim_ex.o(i.HAL_TIMEx_CommutCallback)
    HAL_TIMEx_MasterConfigSynchronization    0x08003871   Thumb Code   116  stm32f4xx_hal_tim_ex.o(i.HAL_TIMEx_MasterConfigSynchronization)
    HAL_TIM_Base_Init                        0x08003901   Thumb Code    90  stm32f4xx_hal_tim.o(i.HAL_TIM_Base_Init)
    HAL_TIM_Base_MspInit                     0x0800395d   Thumb Code    90  stm32f4xx_hal_msp.o(i.HAL_TIM_Base_MspInit)
    HAL_TIM_Base_Start_IT                    0x080039c5   Thumb Code   100  stm32f4xx_hal_tim.o(i.HAL_TIM_Base_Start_IT)
    HAL_TIM_IC_CaptureCallback               0x08003a45   Thumb Code     2  stm32f4xx_hal_tim.o(i.HAL_TIM_IC_CaptureCallback)
    HAL_TIM_IRQHandler                       0x08003a47   Thumb Code   304  stm32f4xx_hal_tim.o(i.HAL_TIM_IRQHandler)
    HAL_TIM_OC_DelayElapsedCallback          0x08003b77   Thumb Code     2  stm32f4xx_hal_tim.o(i.HAL_TIM_OC_DelayElapsedCallback)
    HAL_TIM_PWM_PulseFinishedCallback        0x08003b79   Thumb Code     2  stm32f4xx_hal_tim.o(i.HAL_TIM_PWM_PulseFinishedCallback)
    HAL_TIM_PeriodElapsedCallback            0x08003b7b   Thumb Code     2  stm32f4xx_hal_tim.o(i.HAL_TIM_PeriodElapsedCallback)
    HAL_TIM_TriggerCallback                  0x08003b7d   Thumb Code     2  stm32f4xx_hal_tim.o(i.HAL_TIM_TriggerCallback)
    HAL_UART_Init                            0x08003b7f   Thumb Code   100  stm32f4xx_hal_uart.o(i.HAL_UART_Init)
    HAL_UART_MspInit                         0x08003be5   Thumb Code   116  stm32f4xx_hal_msp.o(i.HAL_UART_MspInit)
    HAL_UART_Transmit                        0x08003c65   Thumb Code   160  stm32f4xx_hal_uart.o(i.HAL_UART_Transmit)
    HardFault_Handler                        0x0800447d   Thumb Code     2  stm32f4xx_it.o(i.HardFault_Handler)
    I2C1_EV_IRQHandler                       0x08004481   Thumb Code     6  stm32f4xx_it.o(i.I2C1_EV_IRQHandler)
    Kalman_getAngle                          0x080051e7   Thumb Code   470  mpu6050.o(i.Kalman_getAngle)
    LCD_IO_Init                              0x080053bd   Thumb Code    18  stm324xg_eval.o(i.LCD_IO_Init)
    LCD_IO_ReadData                          0x080053d5   Thumb Code    12  stm324xg_eval.o(i.LCD_IO_ReadData)
    LCD_IO_WriteMultipleData                 0x080053e1   Thumb Code    26  stm324xg_eval.o(i.LCD_IO_WriteMultipleData)
    LCD_IO_WriteReg                          0x080053fb   Thumb Code     8  stm324xg_eval.o(i.LCD_IO_WriteReg)
    MPU6050_Init                             0x08005403   Thumb Code   146  mpu6050.o(i.MPU6050_Init)
    MPU6050_Read_All                         0x08005495   Thumb Code   630  mpu6050.o(i.MPU6050_Read_All)
    MX_DriverVbusFS                          0x080057bd   Thumb Code    16  usbh_platform.o(i.MX_DriverVbusFS)
    MX_FATFS_Init                            0x080057d1   Thumb Code    18  fatfs.o(i.MX_FATFS_Init)
    MX_USB_HOST_Init                         0x08005c3d   Thumb Code    52  usb_host.o(i.MX_USB_HOST_Init)
    MX_USB_HOST_Process                      0x08005c7d   Thumb Code     6  usb_host.o(i.MX_USB_HOST_Process)
    MemManage_Handler                        0x08005c89   Thumb Code     2  stm32f4xx_it.o(i.MemManage_Handler)
    NMI_Handler                              0x08005c8b   Thumb Code     2  stm32f4xx_it.o(i.NMI_Handler)
    OTG_FS_IRQHandler                        0x08005c8d   Thumb Code     6  stm32f4xx_it.o(i.OTG_FS_IRQHandler)
    PendSV_Handler                           0x08005c99   Thumb Code     2  stm32f4xx_it.o(i.PendSV_Handler)
    SVC_Handler                              0x08005c9b   Thumb Code     2  stm32f4xx_it.o(i.SVC_Handler)
    SysTick_Handler                          0x08005c9d   Thumb Code     4  stm32f4xx_it.o(i.SysTick_Handler)
    SystemClock_Config                       0x08005ca1   Thumb Code   150  main.o(i.SystemClock_Config)
    SystemInit                               0x08005d41   Thumb Code    12  system_stm32f4xx.o(i.SystemInit)
    TIM1_UP_TIM10_IRQHandler                 0x08005d51   Thumb Code    20  stm32f4xx_it.o(i.TIM1_UP_TIM10_IRQHandler)
    TIM7_IRQHandler                          0x08005d6d   Thumb Code    20  stm32f4xx_it.o(i.TIM7_IRQHandler)
    TIM_Base_SetConfig                       0x08005d8d   Thumb Code   170  stm32f4xx_hal_tim.o(i.TIM_Base_SetConfig)
    USBH_AllocPipe                           0x08006033   Thumb Code    56  usbh_pipes.o(i.USBH_AllocPipe)
    USBH_BulkReceiveData                     0x0800606b   Thumb Code    32  usbh_ioreq.o(i.USBH_BulkReceiveData)
    USBH_BulkSendData                        0x0800608b   Thumb Code    40  usbh_ioreq.o(i.USBH_BulkSendData)
    USBH_ClosePipe                           0x080060b3   Thumb Code    10  usbh_pipes.o(i.USBH_ClosePipe)
    USBH_ClrFeature                          0x080060bd   Thumb Code    30  usbh_ctlreq.o(i.USBH_ClrFeature)
    USBH_CtlReceiveData                      0x080060db   Thumb Code    30  usbh_ioreq.o(i.USBH_CtlReceiveData)
    USBH_CtlReq                              0x080060f9   Thumb Code    58  usbh_ctlreq.o(i.USBH_CtlReq)
    USBH_CtlSendData                         0x08006133   Thumb Code    40  usbh_ioreq.o(i.USBH_CtlSendData)
    USBH_CtlSendSetup                        0x0800615b   Thumb Code    30  usbh_ioreq.o(i.USBH_CtlSendSetup)
    USBH_Delay                               0x08006179   Thumb Code     4  usbh_conf.o(i.USBH_Delay)
    USBH_FindInterface                       0x0800617d   Thumb Code    68  usbh_core.o(i.USBH_FindInterface)
    USBH_FreePipe                            0x080061c1   Thumb Code    24  usbh_pipes.o(i.USBH_FreePipe)
    USBH_GetDescriptor                       0x080061d9   Thumb Code    52  usbh_ctlreq.o(i.USBH_GetDescriptor)
    USBH_GetNextDesc                         0x0800620d   Thumb Code    14  usbh_ctlreq.o(i.USBH_GetNextDesc)
    USBH_Get_CfgDesc                         0x0800621b   Thumb Code    54  usbh_ctlreq.o(i.USBH_Get_CfgDesc)
    USBH_Get_DevDesc                         0x08006251   Thumb Code    54  usbh_ctlreq.o(i.USBH_Get_DevDesc)
    USBH_Get_StringDesc                      0x08006287   Thumb Code    84  usbh_ctlreq.o(i.USBH_Get_StringDesc)
    USBH_Get_USB_Status                      0x080062db   Thumb Code    24  usbh_conf.o(i.USBH_Get_USB_Status)
    USBH_Init                                0x080065ef   Thumb Code    62  usbh_core.o(i.USBH_Init)
    USBH_LL_ClosePipe                        0x0800662d   Thumb Code    18  usbh_conf.o(i.USBH_LL_ClosePipe)
    USBH_LL_Connect                          0x0800663f   Thumb Code    20  usbh_core.o(i.USBH_LL_Connect)
    USBH_LL_Disconnect                       0x08006653   Thumb Code    46  usbh_core.o(i.USBH_LL_Disconnect)
    USBH_LL_DriverVBUS                       0x08006681   Thumb Code    26  usbh_conf.o(i.USBH_LL_DriverVBUS)
    USBH_LL_GetLastXferSize                  0x0800669b   Thumb Code     8  usbh_conf.o(i.USBH_LL_GetLastXferSize)
    USBH_LL_GetSpeed                         0x080066a3   Thumb Code    34  usbh_conf.o(i.USBH_LL_GetSpeed)
    USBH_LL_GetToggle                        0x080066c5   Thumb Code    28  usbh_conf.o(i.USBH_LL_GetToggle)
    USBH_LL_GetURBState                      0x080066e1   Thumb Code     8  usbh_conf.o(i.USBH_LL_GetURBState)
    USBH_LL_IncTimer                         0x080066e9   Thumb Code    30  usbh_core.o(i.USBH_LL_IncTimer)
    USBH_LL_Init                             0x08006709   Thumb Code    74  usbh_conf.o(i.USBH_LL_Init)
    USBH_LL_OpenPipe                         0x08006759   Thumb Code    28  usbh_conf.o(i.USBH_LL_OpenPipe)
    USBH_LL_PortDisabled                     0x08006775   Thumb Code     8  usbh_core.o(i.USBH_LL_PortDisabled)
    USBH_LL_PortEnabled                      0x0800677d   Thumb Code     8  usbh_core.o(i.USBH_LL_PortEnabled)
    USBH_LL_ResetPort                        0x08006785   Thumb Code    18  usbh_conf.o(i.USBH_LL_ResetPort)
    USBH_LL_SetTimer                         0x08006797   Thumb Code     6  usbh_core.o(i.USBH_LL_SetTimer)
    USBH_LL_SetToggle                        0x0800679d   Thumb Code    30  usbh_conf.o(i.USBH_LL_SetToggle)
    USBH_LL_Start                            0x080067bb   Thumb Code    18  usbh_conf.o(i.USBH_LL_Start)
    USBH_LL_Stop                             0x080067cd   Thumb Code    18  usbh_conf.o(i.USBH_LL_Stop)
    USBH_LL_SubmitURB                        0x080067df   Thumb Code    34  usbh_conf.o(i.USBH_LL_SubmitURB)
    USBH_MSC_BOT_Init                        0x08006821   Thumb Code    26  usbh_msc_bot.o(i.USBH_MSC_BOT_Init)
    USBH_MSC_BOT_Process                     0x08006845   Thumb Code   470  usbh_msc_bot.o(i.USBH_MSC_BOT_Process)
    USBH_MSC_BOT_REQ_GetMaxLUN               0x08006a21   Thumb Code    22  usbh_msc_bot.o(i.USBH_MSC_BOT_REQ_GetMaxLUN)
    USBH_MSC_BOT_REQ_Reset                   0x08006a37   Thumb Code    22  usbh_msc_bot.o(i.USBH_MSC_BOT_REQ_Reset)
    USBH_MSC_GetLUNInfo                      0x08006ac5   Thumb Code    46  usbh_msc.o(i.USBH_MSC_GetLUNInfo)
    USBH_MSC_Read                            0x08006f4f   Thumb Code   138  usbh_msc.o(i.USBH_MSC_Read)
    USBH_MSC_SCSI_Inquiry                    0x08006fd9   Thumb Code   212  usbh_msc_scsi.o(i.USBH_MSC_SCSI_Inquiry)
    USBH_MSC_SCSI_Read                       0x080070ad   Thumb Code   128  usbh_msc_scsi.o(i.USBH_MSC_SCSI_Read)
    USBH_MSC_SCSI_ReadCapacity               0x0800712d   Thumb Code   122  usbh_msc_scsi.o(i.USBH_MSC_SCSI_ReadCapacity)
    USBH_MSC_SCSI_RequestSense               0x080071a7   Thumb Code   146  usbh_msc_scsi.o(i.USBH_MSC_SCSI_RequestSense)
    USBH_MSC_SCSI_TestUnitReady              0x08007239   Thumb Code    76  usbh_msc_scsi.o(i.USBH_MSC_SCSI_TestUnitReady)
    USBH_MSC_SCSI_Write                      0x08007285   Thumb Code   128  usbh_msc_scsi.o(i.USBH_MSC_SCSI_Write)
    USBH_MSC_UnitIsReady                     0x08007309   Thumb Code    38  usbh_msc.o(i.USBH_MSC_UnitIsReady)
    USBH_MSC_Write                           0x0800732f   Thumb Code   138  usbh_msc.o(i.USBH_MSC_Write)
    USBH_OpenPipe                            0x080073b9   Thumb Code    20  usbh_pipes.o(i.USBH_OpenPipe)
    USBH_Process                             0x08007645   Thumb Code   572  usbh_core.o(i.USBH_Process)
    USBH_RegisterClass                       0x08007881   Thumb Code    28  usbh_core.o(i.USBH_RegisterClass)
    USBH_SelectInterface                     0x0800789d   Thumb Code    22  usbh_core.o(i.USBH_SelectInterface)
    USBH_SetAddress                          0x080078b3   Thumb Code    28  usbh_ctlreq.o(i.USBH_SetAddress)
    USBH_SetCfg                              0x080078cf   Thumb Code    28  usbh_ctlreq.o(i.USBH_SetCfg)
    USBH_SetFeature                          0x080078eb   Thumb Code    28  usbh_ctlreq.o(i.USBH_SetFeature)
    USBH_Start                               0x08007907   Thumb Code    20  usbh_core.o(i.USBH_Start)
    USBH_initialize                          0x0800793d   Thumb Code     4  usbh_diskio.o(i.USBH_initialize)
    USBH_ioctl                               0x08007941   Thumb Code    96  usbh_diskio.o(i.USBH_ioctl)
    USBH_read                                0x080079a5   Thumb Code    62  usbh_diskio.o(i.USBH_read)
    USBH_status                              0x080079e9   Thumb Code    20  usbh_diskio.o(i.USBH_status)
    USBH_write                               0x08007a01   Thumb Code    70  usbh_diskio.o(i.USBH_write)
    USB_CoreInit                             0x08007a4d   Thumb Code   126  stm32f4xx_ll_usb.o(i.USB_CoreInit)
    USB_DisableGlobalInt                     0x08007b0d   Thumb Code    12  stm32f4xx_ll_usb.o(i.USB_DisableGlobalInt)
    USB_DoPing                               0x08007b19   Thumb Code    30  stm32f4xx_ll_usb.o(i.USB_DoPing)
    USB_DriveVbus                            0x08007b3d   Thumb Code    44  stm32f4xx_ll_usb.o(i.USB_DriveVbus)
    USB_EnableGlobalInt                      0x08007b69   Thumb Code    12  stm32f4xx_ll_usb.o(i.USB_EnableGlobalInt)
    USB_FlushRxFifo                          0x08007b75   Thumb Code    56  stm32f4xx_ll_usb.o(i.USB_FlushRxFifo)
    USB_FlushTxFifo                          0x08007bad   Thumb Code    60  stm32f4xx_ll_usb.o(i.USB_FlushTxFifo)
    USB_GetCurrentFrame                      0x08007be9   Thumb Code     8  stm32f4xx_ll_usb.o(i.USB_GetCurrentFrame)
    USB_GetHostSpeed                         0x08007bf1   Thumb Code    14  stm32f4xx_ll_usb.o(i.USB_GetHostSpeed)
    USB_GetMode                              0x08007bff   Thumb Code     8  stm32f4xx_ll_usb.o(i.USB_GetMode)
    USB_HC_Halt                              0x08007c07   Thumb Code   212  stm32f4xx_ll_usb.o(i.USB_HC_Halt)
    USB_HC_Init                              0x08007cdd   Thumb Code   276  stm32f4xx_ll_usb.o(i.USB_HC_Init)
    USB_HC_ReadInterrupt                     0x08007df5   Thumb Code     8  stm32f4xx_ll_usb.o(i.USB_HC_ReadInterrupt)
    USB_HC_StartXfer                         0x08007dfd   Thumb Code   602  stm32f4xx_ll_usb.o(i.USB_HC_StartXfer)
    USB_HostInit                             0x0800805d   Thumb Code   184  stm32f4xx_ll_usb.o(i.USB_HostInit)
    USB_InitFSLSPClkSel                      0x0800812d   Thumb Code    56  stm32f4xx_ll_usb.o(i.USB_InitFSLSPClkSel)
    USB_ReadChInterrupts                     0x08008165   Thumb Code    16  stm32f4xx_ll_usb.o(i.USB_ReadChInterrupts)
    USB_ReadInterrupts                       0x08008175   Thumb Code     8  stm32f4xx_ll_usb.o(i.USB_ReadInterrupts)
    USB_ReadPacket                           0x0800817d   Thumb Code    62  stm32f4xx_ll_usb.o(i.USB_ReadPacket)
    USB_ResetPort                            0x080081bb   Thumb Code    50  stm32f4xx_ll_usb.o(i.USB_ResetPort)
    USB_SetCurrentMode                       0x080081ed   Thumb Code    92  stm32f4xx_ll_usb.o(i.USB_SetCurrentMode)
    USB_StopHost                             0x08008249   Thumb Code   138  stm32f4xx_ll_usb.o(i.USB_StopHost)
    USB_WritePacket                          0x080082d5   Thumb Code    40  stm32f4xx_ll_usb.o(i.USB_WritePacket)
    UsageFault_Handler                       0x080082fd   Thumb Code     2  stm32f4xx_it.o(i.UsageFault_Handler)
    __ARM_fpclassify                         0x080082ff   Thumb Code    48  fpclassify.o(i.__ARM_fpclassify)
    __hardfp_atan                            0x08008351   Thumb Code   622  atan.o(i.__hardfp_atan)
    __hardfp_atan2                           0x08008629   Thumb Code   448  atan2.o(i.__hardfp_atan2)
    __hardfp_fabs                            0x08008829   Thumb Code    20  fabs.o(i.__hardfp_fabs)
    __hardfp_sqrt                            0x0800883d   Thumb Code   122  sqrt.o(i.__hardfp_sqrt)
    __kernel_poly                            0x080088b7   Thumb Code   248  poly.o(i.__kernel_poly)
    __mathlib_dbl_infnan                     0x080089af   Thumb Code    20  dunder.o(i.__mathlib_dbl_infnan)
    __mathlib_dbl_infnan2                    0x080089c3   Thumb Code    20  dunder.o(i.__mathlib_dbl_infnan2)
    __mathlib_dbl_underflow                  0x080089d9   Thumb Code    24  dunder.o(i.__mathlib_dbl_underflow)
    _is_digit                                0x080089f9   Thumb Code    14  __printf_wp.o(i._is_digit)
    atan                                     0x08008a07   Thumb Code    16  atan.o(i.atan)
    disk_initialize                          0x08008f15   Thumb Code    38  diskio.o(i.disk_initialize)
    disk_ioctl                               0x08008f41   Thumb Code    24  diskio.o(i.disk_ioctl)
    disk_read                                0x08008f5d   Thumb Code    24  diskio.o(i.disk_read)
    disk_status                              0x08008f79   Thumb Code    18  diskio.o(i.disk_status)
    disk_write                               0x08008f91   Thumb Code    24  diskio.o(i.disk_write)
    f_close                                  0x08008fad   Thumb Code    40  ff.o(i.f_close)
    f_mount                                  0x08008fd5   Thumb Code    84  ff.o(i.f_mount)
    f_open                                   0x0800902d   Thumb Code   520  ff.o(i.f_open)
    f_sync                                   0x08009239   Thumb Code   142  ff.o(i.f_sync)
    f_write                                  0x080092c7   Thumb Code   398  ff.o(i.f_write)
    fabs                                     0x08009455   Thumb Code    24  fabs.o(i.fabs)
    get_fattime                              0x080097f3   Thumb Code     4  fatfs.o(i.get_fattime)
    ili9325_DisplayOff                       0x08009833   Thumb Code    54  ili9325.o(i.ili9325_DisplayOff)
    ili9325_DisplayOn                        0x08009869   Thumb Code    96  ili9325.o(i.ili9325_DisplayOn)
    ili9325_DrawBitmap                       0x080098c9   Thumb Code    76  ili9325.o(i.ili9325_DrawBitmap)
    ili9325_DrawHLine                        0x08009915   Thumb Code    52  ili9325.o(i.ili9325_DrawHLine)
    ili9325_DrawRGBImage                     0x0800994d   Thumb Code    30  ili9325.o(i.ili9325_DrawRGBImage)
    ili9325_DrawVLine                        0x0800996d   Thumb Code    78  ili9325.o(i.ili9325_DrawVLine)
    ili9325_GetLcdPixelHeight                0x080099c1   Thumb Code     4  ili9325.o(i.ili9325_GetLcdPixelHeight)
    ili9325_GetLcdPixelWidth                 0x080099c5   Thumb Code     6  ili9325.o(i.ili9325_GetLcdPixelWidth)
    ili9325_Init                             0x080099cb   Thumb Code   492  ili9325.o(i.ili9325_Init)
    ili9325_ReadID                           0x08009bb7   Thumb Code    16  ili9325.o(i.ili9325_ReadID)
    ili9325_ReadPixel                        0x08009bc7   Thumb Code    16  ili9325.o(i.ili9325_ReadPixel)
    ili9325_SetCursor                        0x08009bd7   Thumb Code    28  ili9325.o(i.ili9325_SetCursor)
    ili9325_SetDisplayWindow                 0x08009bf3   Thumb Code    62  ili9325.o(i.ili9325_SetDisplayWindow)
    ili9325_WritePixel                       0x08009c31   Thumb Code    22  ili9325.o(i.ili9325_WritePixel)
    ili9325_WriteReg                         0x08009c47   Thumb Code    16  ili9325.o(i.ili9325_WriteReg)
    main                                     0x08009d21   Thumb Code   502  main.o(i.main)
    serialPrintln                            0x0800a159   Thumb Code    46  voxart_dev.o(i.serialPrintln)
    _get_lc_numeric                          0x0800a2e1   Thumb Code    44  lc_numeric_c.o(locale$$code)
    __aeabi_dneg                             0x0800a30d   Thumb Code     0  basic.o(x$fpl$basic)
    _dneg                                    0x0800a30d   Thumb Code     6  basic.o(x$fpl$basic)
    __aeabi_fneg                             0x0800a313   Thumb Code     0  basic.o(x$fpl$basic)
    _fneg                                    0x0800a313   Thumb Code     6  basic.o(x$fpl$basic)
    _dabs                                    0x0800a319   Thumb Code     6  basic.o(x$fpl$basic)
    _fabs                                    0x0800a31f   Thumb Code     6  basic.o(x$fpl$basic)
    __aeabi_dadd                             0x0800a325   Thumb Code     0  daddsub_clz.o(x$fpl$dadd)
    _dadd                                    0x0800a325   Thumb Code   332  daddsub_clz.o(x$fpl$dadd)
    __fpl_dcmp_Inf                           0x0800a475   Thumb Code    24  dcmpi.o(x$fpl$dcmpinf)
    __aeabi_ddiv                             0x0800a48d   Thumb Code     0  ddiv.o(x$fpl$ddiv)
    _ddiv                                    0x0800a48d   Thumb Code   552  ddiv.o(x$fpl$ddiv)
    __aeabi_cdcmpeq                          0x0800a73d   Thumb Code     0  deqf.o(x$fpl$deqf)
    _dcmpeq                                  0x0800a73d   Thumb Code   120  deqf.o(x$fpl$deqf)
    __aeabi_i2d                              0x0800a7b5   Thumb Code     0  dflt_clz.o(x$fpl$dflt)
    _dflt                                    0x0800a7b5   Thumb Code    46  dflt_clz.o(x$fpl$dflt)
    __aeabi_ui2d                             0x0800a7e3   Thumb Code     0  dflt_clz.o(x$fpl$dfltu)
    _dfltu                                   0x0800a7e3   Thumb Code    38  dflt_clz.o(x$fpl$dfltu)
    __aeabi_cdcmple                          0x0800a809   Thumb Code     0  dleqf.o(x$fpl$dleqf)
    _dcmple                                  0x0800a809   Thumb Code   120  dleqf.o(x$fpl$dleqf)
    __fpl_dcmple_InfNaN                      0x0800a86b   Thumb Code     0  dleqf.o(x$fpl$dleqf)
    __aeabi_dmul                             0x0800a881   Thumb Code     0  dmul.o(x$fpl$dmul)
    _dmul                                    0x0800a881   Thumb Code   332  dmul.o(x$fpl$dmul)
    __fpl_dnaninf                            0x0800a9d5   Thumb Code   156  dnaninf.o(x$fpl$dnaninf)
    __fpl_dretinf                            0x0800aa71   Thumb Code    12  dretinf.o(x$fpl$dretinf)
    __aeabi_cdrcmple                         0x0800aa7d   Thumb Code     0  drleqf.o(x$fpl$drleqf)
    _drcmple                                 0x0800aa7d   Thumb Code   108  drleqf.o(x$fpl$drleqf)
    __aeabi_drsub                            0x0800aae9   Thumb Code     0  daddsub_clz.o(x$fpl$drsb)
    _drsb                                    0x0800aae9   Thumb Code    22  daddsub_clz.o(x$fpl$drsb)
    _dsqrt                                   0x0800ab01   Thumb Code   404  dsqrt_umaal.o(x$fpl$dsqrt)
    __aeabi_dsub                             0x0800ac99   Thumb Code     0  daddsub_clz.o(x$fpl$dsub)
    _dsub                                    0x0800ac99   Thumb Code   464  daddsub_clz.o(x$fpl$dsub)
    _fp_init                                 0x0800ae6d   Thumb Code    10  fpinit.o(x$fpl$fpinit)
    __fplib_config_fpu_vfp                   0x0800ae75   Thumb Code     0  fpinit.o(x$fpl$fpinit)
    __fplib_config_pureend_doubles           0x0800ae75   Thumb Code     0  fpinit.o(x$fpl$fpinit)
    _printf_fp_dec                           0x0800ae77   Thumb Code     4  printf1.o(x$fpl$printf1)
    AHBPrescTable                            0x0800ae7a   Data          16  system_stm32f4xx.o(.constdata)
    __I$use$fp                               0x0800ae7a   Number         0  usenofp.o(x$fpl$usenofp)
    APBPrescTable                            0x0800ae8a   Data           8  system_stm32f4xx.o(.constdata)
    Font24_Table                             0x0800ae92   Data        6840  stm324xg_eval_lcd.o(.constdata)
    USBH_Driver                              0x0800c94c   Data          20  usbh_diskio.o(.constdata)
    __mathlib_zero                           0x0800caa8   Data           8  qnan.o(.constdata)
    Region$$Table$$Base                      0x0800cb48   Number         0  anon$$obj.o(Region$$Table)
    Region$$Table$$Limit                     0x0800cb68   Number         0  anon$$obj.o(Region$$Table)
    timer                                    0x20000000   Data           4  mpu6050.o(.data)
    KalmanX                                  0x20000008   Data          72  mpu6050.o(.data)
    KalmanY                                  0x20000050   Data          72  mpu6050.o(.data)
    cRad                                     0x20000098   Data           4  main.o(.data)
    samples                                  0x2000009c   Data           4  main.o(.data)
    wbytes                                   0x200000a0   Data           4  main.o(.data)
    timeDiff                                 0x200000a4   Data           4  stm32f4xx_it.o(.data)
    uwTickFreq                               0x200000b0   Data           1  stm32f4xx_hal.o(.data)
    uwTickPrio                               0x200000b4   Data           4  stm32f4xx_hal.o(.data)
    uwTick                                   0x200000b8   Data           4  stm32f4xx_hal.o(.data)
    SystemCoreClock                          0x200000bc   Data           4  system_stm32f4xx.o(.data)
    Font24                                   0x200000c4   Data           8  stm324xg_eval_lcd.o(.data)
    COM_USART                                0x200000d0   Data           4  stm324xg_eval.o(.data)
    COM_TX_PORT                              0x200000d4   Data           4  stm324xg_eval.o(.data)
    COM_RX_PORT                              0x200000d8   Data           4  stm324xg_eval.o(.data)
    GPIO_PORT                                0x200000dc   Data          16  stm324xg_eval.o(.data)
    BUTTON_PORT                              0x200000ec   Data          12  stm324xg_eval.o(.data)
    ili9325_drv                              0x200000f8   Data          56  ili9325.o(.data)
    retUSBH                                  0x20000130   Data           1  fatfs.o(.data)
    USBHPath                                 0x20000131   Data           4  fatfs.o(.data)
    Appli_state                              0x20000135   Data           1  usb_host.o(.data)
    USBH_msc                                 0x20000140   Data          32  usbh_msc.o(.data)
    hadc3                                    0x20000160   Data          72  main.o(.bss)
    hi2c1                                    0x200001a8   Data          84  main.o(.bss)
    htim7                                    0x200001fc   Data          72  main.o(.bss)
    htim10                                   0x20000244   Data          72  main.o(.bss)
    huart3                                   0x2000028c   Data          72  main.o(.bss)
    hsram1                                   0x200002d4   Data          80  main.o(.bss)
    MPU6050                                  0x20000328   Data          88  main.o(.bss)
    xPos                                     0x20000380   Data          64  main.o(.bss)
    yPos                                     0x200003c0   Data          64  main.o(.bss)
    zPos                                     0x20000400   Data          64  main.o(.bss)
    MyFile                                   0x20000440   Data         560  main.o(.bss)
    DrawProp                                 0x20000670   Data          12  stm324xg_eval_lcd.o(.bss)
    USBHFatFS                                0x200008fc   Data         560  fatfs.o(.bss)
    hUsbHostFS                               0x20000b2c   Data         984  usb_host.o(.bss)
    hhcd_USB_OTG_FS                          0x20000f04   Data         992  usbh_conf.o(.bss)
    disk                                     0x20001304   Data          12  ff_gen_drv.o(.bss)
    __libspace_start                         0x20001310   Data          96  libspace.o(.bss)
    __temporary_stack_top$libspace           0x20001370   Data           0  libspace.o(.bss)



==============================================================================

Memory Map of the image

  Image Entry point : 0x08000189

  Load Region LR_IROM1 (Base: 0x08000000, Size: 0x0000cce4, Max: 0x00100000, ABSOLUTE, COMPRESSED[0x0000cc08])

    Execution Region ER_IROM1 (Exec base: 0x08000000, Load base: 0x08000000, Size: 0x0000cb84, Max: 0x00100000, ABSOLUTE)

    Exec Addr    Load Addr    Size         Type   Attr      Idx    E Section Name        Object

    0x08000000   0x08000000   0x00000188   Data   RO            3    RESET               startup_stm32f407xx.o
    0x08000188   0x08000188   0x00000008   Code   RO         7254  * !!!main             c_w.l(__main.o)
    0x08000190   0x08000190   0x00000034   Code   RO         7723    !!!scatter          c_w.l(__scatter.o)
    0x080001c4   0x080001c4   0x0000005a   Code   RO         7721    !!dczerorl2         c_w.l(__dczerorl2.o)
    0x0800021e   0x0800021e   0x00000002   PAD
    0x08000220   0x08000220   0x0000001c   Code   RO         7725    !!handler_zi        c_w.l(__scatter_zi.o)
    0x0800023c   0x0800023c   0x00000000   Code   RO         7241    .ARM.Collect$$_printf_percent$$00000000  c_w.l(_printf_percent.o)
    0x0800023c   0x0800023c   0x00000006   Code   RO         7240    .ARM.Collect$$_printf_percent$$00000003  c_w.l(_printf_f.o)
    0x08000242   0x08000242   0x00000004   Code   RO         7446    .ARM.Collect$$_printf_percent$$00000017  c_w.l(_printf_percent_end.o)
    0x08000246   0x08000246   0x00000002   Code   RO         7658    .ARM.Collect$$libinit$$00000000  c_w.l(libinit.o)
    0x08000248   0x08000248   0x00000004   Code   RO         7449    .ARM.Collect$$libinit$$00000001  c_w.l(libinit2.o)
    0x0800024c   0x0800024c   0x00000000   Code   RO         7452    .ARM.Collect$$libinit$$00000004  c_w.l(libinit2.o)
    0x0800024c   0x0800024c   0x00000008   Code   RO         7453    .ARM.Collect$$libinit$$00000005  c_w.l(libinit2.o)
    0x08000254   0x08000254   0x00000000   Code   RO         7455    .ARM.Collect$$libinit$$0000000A  c_w.l(libinit2.o)
    0x08000254   0x08000254   0x00000000   Code   RO         7457    .ARM.Collect$$libinit$$0000000C  c_w.l(libinit2.o)
    0x08000254   0x08000254   0x00000000   Code   RO         7459    .ARM.Collect$$libinit$$0000000E  c_w.l(libinit2.o)
    0x08000254   0x08000254   0x00000006   Code   RO         7460    .ARM.Collect$$libinit$$0000000F  c_w.l(libinit2.o)
    0x0800025a   0x0800025a   0x00000000   Code   RO         7462    .ARM.Collect$$libinit$$00000011  c_w.l(libinit2.o)
    0x0800025a   0x0800025a   0x00000000   Code   RO         7464    .ARM.Collect$$libinit$$00000013  c_w.l(libinit2.o)
    0x0800025a   0x0800025a   0x00000000   Code   RO         7466    .ARM.Collect$$libinit$$00000015  c_w.l(libinit2.o)
    0x0800025a   0x0800025a   0x0000000a   Code   RO         7467    .ARM.Collect$$libinit$$00000016  c_w.l(libinit2.o)
    0x08000264   0x08000264   0x00000000   Code   RO         7468    .ARM.Collect$$libinit$$00000017  c_w.l(libinit2.o)
    0x08000264   0x08000264   0x00000000   Code   RO         7470    .ARM.Collect$$libinit$$00000019  c_w.l(libinit2.o)
    0x08000264   0x08000264   0x00000000   Code   RO         7472    .ARM.Collect$$libinit$$0000001B  c_w.l(libinit2.o)
    0x08000264   0x08000264   0x00000000   Code   RO         7474    .ARM.Collect$$libinit$$0000001D  c_w.l(libinit2.o)
    0x08000264   0x08000264   0x00000000   Code   RO         7476    .ARM.Collect$$libinit$$0000001F  c_w.l(libinit2.o)
    0x08000264   0x08000264   0x00000000   Code   RO         7478    .ARM.Collect$$libinit$$00000021  c_w.l(libinit2.o)
    0x08000264   0x08000264   0x00000000   Code   RO         7480    .ARM.Collect$$libinit$$00000023  c_w.l(libinit2.o)
    0x08000264   0x08000264   0x00000000   Code   RO         7482    .ARM.Collect$$libinit$$00000025  c_w.l(libinit2.o)
    0x08000264   0x08000264   0x00000000   Code   RO         7486    .ARM.Collect$$libinit$$0000002C  c_w.l(libinit2.o)
    0x08000264   0x08000264   0x00000000   Code   RO         7488    .ARM.Collect$$libinit$$0000002E  c_w.l(libinit2.o)
    0x08000264   0x08000264   0x00000000   Code   RO         7490    .ARM.Collect$$libinit$$00000030  c_w.l(libinit2.o)
    0x08000264   0x08000264   0x00000000   Code   RO         7492    .ARM.Collect$$libinit$$00000032  c_w.l(libinit2.o)
    0x08000264   0x08000264   0x00000002   Code   RO         7493    .ARM.Collect$$libinit$$00000033  c_w.l(libinit2.o)
    0x08000266   0x08000266   0x00000002   Code   RO         7718    .ARM.Collect$$libshutdown$$00000000  c_w.l(libshutdown.o)
    0x08000268   0x08000268   0x00000000   Code   RO         7674    .ARM.Collect$$libshutdown$$00000002  c_w.l(libshutdown2.o)
    0x08000268   0x08000268   0x00000000   Code   RO         7676    .ARM.Collect$$libshutdown$$00000004  c_w.l(libshutdown2.o)
    0x08000268   0x08000268   0x00000000   Code   RO         7678    .ARM.Collect$$libshutdown$$00000006  c_w.l(libshutdown2.o)
    0x08000268   0x08000268   0x00000000   Code   RO         7681    .ARM.Collect$$libshutdown$$00000009  c_w.l(libshutdown2.o)
    0x08000268   0x08000268   0x00000000   Code   RO         7684    .ARM.Collect$$libshutdown$$0000000C  c_w.l(libshutdown2.o)
    0x08000268   0x08000268   0x00000000   Code   RO         7686    .ARM.Collect$$libshutdown$$0000000E  c_w.l(libshutdown2.o)
    0x08000268   0x08000268   0x00000000   Code   RO         7689    .ARM.Collect$$libshutdown$$00000011  c_w.l(libshutdown2.o)
    0x08000268   0x08000268   0x00000002   Code   RO         7690    .ARM.Collect$$libshutdown$$00000012  c_w.l(libshutdown2.o)
    0x0800026a   0x0800026a   0x00000000   Code   RO         7404    .ARM.Collect$$rtentry$$00000000  c_w.l(__rtentry.o)
    0x0800026a   0x0800026a   0x00000000   Code   RO         7549    .ARM.Collect$$rtentry$$00000002  c_w.l(__rtentry2.o)
    0x0800026a   0x0800026a   0x00000006   Code   RO         7561    .ARM.Collect$$rtentry$$00000004  c_w.l(__rtentry4.o)
    0x08000270   0x08000270   0x00000000   Code   RO         7551    .ARM.Collect$$rtentry$$00000009  c_w.l(__rtentry2.o)
    0x08000270   0x08000270   0x00000004   Code   RO         7552    .ARM.Collect$$rtentry$$0000000A  c_w.l(__rtentry2.o)
    0x08000274   0x08000274   0x00000000   Code   RO         7554    .ARM.Collect$$rtentry$$0000000C  c_w.l(__rtentry2.o)
    0x08000274   0x08000274   0x00000008   Code   RO         7555    .ARM.Collect$$rtentry$$0000000D  c_w.l(__rtentry2.o)
    0x0800027c   0x0800027c   0x00000002   Code   RO         7661    .ARM.Collect$$rtexit$$00000000  c_w.l(rtexit.o)
    0x0800027e   0x0800027e   0x00000000   Code   RO         7694    .ARM.Collect$$rtexit$$00000002  c_w.l(rtexit2.o)
    0x0800027e   0x0800027e   0x00000004   Code   RO         7695    .ARM.Collect$$rtexit$$00000003  c_w.l(rtexit2.o)
    0x08000282   0x08000282   0x00000006   Code   RO         7696    .ARM.Collect$$rtexit$$00000004  c_w.l(rtexit2.o)
    0x08000288   0x08000288   0x00000000   Code   RO         7577    .emb_text           c_w.l(maybetermalloc1.o)
    0x08000288   0x08000288   0x00000040   Code   RO            4    .text               startup_stm32f407xx.o
    0x080002c8   0x080002c8   0x0000005e   Code   RO         7147    .text               c_w.l(h1_alloc.o)
    0x08000326   0x08000326   0x0000004e   Code   RO         7149    .text               c_w.l(h1_free.o)
    0x08000374   0x08000374   0x000000ee   Code   RO         7205    .text               c_w.l(lludivv7m.o)
    0x08000462   0x08000462   0x00000002   PAD
    0x08000464   0x08000464   0x00000028   Code   RO         7211    .text               c_w.l(noretval__2sprintf.o)
    0x0800048c   0x0800048c   0x00000034   Code   RO         7213    .text               c_w.l(noretval__2snprintf.o)
    0x080004c0   0x080004c0   0x00000138   Code   RO         7231    .text               c_w.l(__printf_flags_wp.o)
    0x080005f8   0x080005f8   0x00000018   Code   RO         7242    .text               c_w.l(strcat.o)
    0x08000610   0x08000610   0x0000008a   Code   RO         7244    .text               c_w.l(rt_memcpy_v6.o)
    0x0800069a   0x0800069a   0x00000064   Code   RO         7246    .text               c_w.l(rt_memcpy_w.o)
    0x080006fe   0x080006fe   0x00000044   Code   RO         7248    .text               c_w.l(rt_memclr.o)
    0x08000742   0x08000742   0x0000004e   Code   RO         7250    .text               c_w.l(rt_memclr_w.o)
    0x08000790   0x08000790   0x00000006   Code   RO         7252    .text               c_w.l(heapauxi.o)
    0x08000796   0x08000796   0x00000002   PAD
    0x08000798   0x08000798   0x00000008   Code   RO         7412    .text               c_w.l(rt_heap_descriptor_intlibspace.o)
    0x080007a0   0x080007a0   0x00000004   Code   RO         7414    .text               c_w.l(hguard.o)
    0x080007a4   0x080007a4   0x0000008a   Code   RO         7416    .text               c_w.l(init_alloc.o)
    0x0800082e   0x0800082e   0x0000000e   Code   RO         7420    .text               c_w.l(h1_init.o)
    0x0800083c   0x0800083c   0x00000016   Code   RO         7434    .text               c_w.l(_rserrno.o)
    0x08000852   0x08000852   0x0000041e   Code   RO         7436    .text               c_w.l(_printf_fp_dec.o)
    0x08000c70   0x08000c70   0x00000030   Code   RO         7438    .text               c_w.l(_printf_char_common.o)
    0x08000ca0   0x08000ca0   0x0000000a   Code   RO         7440    .text               c_w.l(_sputc.o)
    0x08000caa   0x08000caa   0x00000010   Code   RO         7442    .text               c_w.l(_snputc.o)
    0x08000cba   0x08000cba   0x00000002   PAD
    0x08000cbc   0x08000cbc   0x00000008   Code   RO         7545    .text               c_w.l(libspace.o)
    0x08000cc4   0x08000cc4   0x00000008   Code   RO         7568    .text               c_w.l(rt_locale_intlibspace.o)
    0x08000ccc   0x08000ccc   0x00000008   Code   RO         7573    .text               c_w.l(rt_errno_addr_intlibspace.o)
    0x08000cd4   0x08000cd4   0x00000034   Code   RO         7579    .text               c_w.l(h1_extend.o)
    0x08000d08   0x08000d08   0x0000008a   Code   RO         7583    .text               c_w.l(lludiv10.o)
    0x08000d92   0x08000d92   0x00000002   PAD
    0x08000d94   0x08000d94   0x00000080   Code   RO         7585    .text               c_w.l(_printf_fp_infnan.o)
    0x08000e14   0x08000e14   0x000000e4   Code   RO         7589    .text               c_w.l(bigflt0.o)
    0x08000ef8   0x08000ef8   0x0000000e   Code   RO         7617    .text               c_w.l(defsig_rtmem_outer.o)
    0x08000f06   0x08000f06   0x00000002   Code   RO         7628    .text               c_w.l(use_no_semi.o)
    0x08000f08   0x08000f08   0x00000000   Code   RO         7630    .text               c_w.l(indicate_semi.o)
    0x08000f08   0x08000f08   0x0000004a   Code   RO         7631    .text               c_w.l(sys_stackheap_outer.o)
    0x08000f52   0x08000f52   0x00000012   Code   RO         7637    .text               c_w.l(exit.o)
    0x08000f64   0x08000f64   0x0000000a   Code   RO         7639    .text               c_w.l(defsig_exit.o)
    0x08000f6e   0x08000f6e   0x00000002   PAD
    0x08000f70   0x08000f70   0x00000050   Code   RO         7645    .text               c_w.l(defsig_rtmem_inner.o)
    0x08000fc0   0x08000fc0   0x00000080   Code   RO         7647    .text               c_w.l(strcmpv7m.o)
    0x08001040   0x08001040   0x0000000c   Code   RO         7659    .text               c_w.l(sys_exit.o)
    0x0800104c   0x0800104c   0x00000032   Code   RO         7669    .text               c_w.l(defsig_general.o)
    0x0800107e   0x0800107e   0x0000000e   Code   RO         7691    .text               c_w.l(sys_wrch.o)
    0x0800108c   0x0800108c   0x0000003e   Code   RO         7592    CL$$btod_d2e        c_w.l(btod.o)
    0x080010ca   0x080010ca   0x00000046   Code   RO         7594    CL$$btod_d2e_denorm_low  c_w.l(btod.o)
    0x08001110   0x08001110   0x00000060   Code   RO         7593    CL$$btod_d2e_norm_op1  c_w.l(btod.o)
    0x08001170   0x08001170   0x00000338   Code   RO         7602    CL$$btod_div_common  c_w.l(btod.o)
    0x080014a8   0x080014a8   0x000000dc   Code   RO         7599    CL$$btod_e2e        c_w.l(btod.o)
    0x08001584   0x08001584   0x0000002a   Code   RO         7596    CL$$btod_ediv       c_w.l(btod.o)
    0x080015ae   0x080015ae   0x0000002a   Code   RO         7595    CL$$btod_emul       c_w.l(btod.o)
    0x080015d8   0x080015d8   0x00000244   Code   RO         7601    CL$$btod_mult_common  c_w.l(btod.o)
    0x0800181c   0x0800181c   0x00000128   Code   RO         2272    i.ADC_Init          stm32f4xx_hal_adc.o
    0x08001944   0x08001944   0x00000030   Code   RO         4637    i.BSP_LCD_Clear     stm324xg_eval_lcd.o
    0x08001974   0x08001974   0x00000024   Code   RO         4639    i.BSP_LCD_DisplayChar  stm324xg_eval_lcd.o
    0x08001998   0x08001998   0x0000000c   Code   RO         4641    i.BSP_LCD_DisplayOn  stm324xg_eval_lcd.o
    0x080019a4   0x080019a4   0x0000009c   Code   RO         4642    i.BSP_LCD_DisplayStringAt  stm324xg_eval_lcd.o
    0x08001a40   0x08001a40   0x0000004c   Code   RO         4647    i.BSP_LCD_DrawHLine  stm324xg_eval_lcd.o
    0x08001a8c   0x08001a8c   0x00000014   Code   RO         4649    i.BSP_LCD_DrawPixel  stm324xg_eval_lcd.o
    0x08001aa0   0x08001aa0   0x0000000c   Code   RO         4661    i.BSP_LCD_GetXSize  stm324xg_eval_lcd.o
    0x08001aac   0x08001aac   0x0000000c   Code   RO         4662    i.BSP_LCD_GetYSize  stm324xg_eval_lcd.o
    0x08001ab8   0x08001ab8   0x00000044   Code   RO         4663    i.BSP_LCD_Init      stm324xg_eval_lcd.o
    0x08001afc   0x08001afc   0x00000002   Code   RO          417    i.BusFault_Handler  stm32f4xx_it.o
    0x08001afe   0x08001afe   0x00000078   Code   RO         6599    i.DeInitStateMachine  usbh_core.o
    0x08001b76   0x08001b76   0x00000002   Code   RO          418    i.DebugMon_Handler  stm32f4xx_it.o
    0x08001b78   0x08001b78   0x0000009c   Code   RO         4668    i.DrawChar          stm324xg_eval_lcd.o
    0x08001c14   0x08001c14   0x0000002c   Code   RO          419    i.EXTI0_IRQHandler  stm32f4xx_it.o
    0x08001c40   0x08001c40   0x00000016   Code   RO          420    i.EXTI15_10_IRQHandler  stm32f4xx_it.o
    0x08001c56   0x08001c56   0x00000004   Code   RO          296    i.Error_Handler     main.o
    0x08001c5a   0x08001c5a   0x00000006   Code   RO         6525    i.FATFS_LinkDriver  ff_gen_drv.o
    0x08001c60   0x08001c60   0x00000040   Code   RO         6526    i.FATFS_LinkDriverEx  ff_gen_drv.o
    0x08001ca0   0x08001ca0   0x00000060   Code   RO         4916    i.FSMC_BANK3_Init   stm324xg_eval.o
    0x08001d00   0x08001d00   0x000000bc   Code   RO         4917    i.FSMC_BANK3_MspInit  stm324xg_eval.o
    0x08001dbc   0x08001dbc   0x0000003c   Code   RO         2555    i.FSMC_NORSRAM_Extended_Timing_Init  stm32f4xx_ll_fsmc.o
    0x08001df8   0x08001df8   0x00000068   Code   RO         2556    i.FSMC_NORSRAM_Init  stm32f4xx_ll_fsmc.o
    0x08001e60   0x08001e60   0x00000044   Code   RO         2557    i.FSMC_NORSRAM_Timing_Init  stm32f4xx_ll_fsmc.o
    0x08001ea4   0x08001ea4   0x0000014c   Code   RO         2274    i.HAL_ADC_ConfigChannel  stm32f4xx_hal_adc.o
    0x08001ff0   0x08001ff0   0x00000054   Code   RO         2283    i.HAL_ADC_Init      stm32f4xx_hal_adc.o
    0x08002044   0x08002044   0x00000064   Code   RO          542    i.HAL_ADC_MspInit   stm32f4xx_hal_msp.o
    0x080020a8   0x080020a8   0x000000fc   Code   RO         2289    i.HAL_ADC_Start     stm32f4xx_hal_adc.o
    0x080021a4   0x080021a4   0x00000024   Code   RO         1594    i.HAL_DMA_Abort_IT  stm32f4xx_hal_dma.o
    0x080021c8   0x080021c8   0x00000006   Code   RO         1597    i.HAL_DMA_GetState  stm32f4xx_hal_dma.o
    0x080021ce   0x080021ce   0x00000002   PAD
    0x080021d0   0x080021d0   0x00000024   Code   RO         2018    i.HAL_Delay         stm32f4xx_hal.o
    0x080021f4   0x080021f4   0x000000c0   Code   RO          543    i.HAL_FSMC_MspInit  stm32f4xx_hal_msp.o
    0x080022b4   0x080022b4   0x00000002   Code   RO         1484    i.HAL_GPIO_EXTI_Callback  stm32f4xx_hal_gpio.o
    0x080022b6   0x080022b6   0x00000002   PAD
    0x080022b8   0x080022b8   0x00000018   Code   RO         1485    i.HAL_GPIO_EXTI_IRQHandler  stm32f4xx_hal_gpio.o
    0x080022d0   0x080022d0   0x000001f0   Code   RO         1486    i.HAL_GPIO_Init     stm32f4xx_hal_gpio.o
    0x080024c0   0x080024c0   0x00000010   Code   RO         1489    i.HAL_GPIO_TogglePin  stm32f4xx_hal_gpio.o
    0x080024d0   0x080024d0   0x0000000a   Code   RO         1490    i.HAL_GPIO_WritePin  stm32f4xx_hal_gpio.o
    0x080024da   0x080024da   0x00000002   PAD
    0x080024dc   0x080024dc   0x0000000c   Code   RO         2024    i.HAL_GetTick       stm32f4xx_hal.o
    0x080024e8   0x080024e8   0x00000008   Code   RO         5929    i.HAL_HCD_Connect_Callback  usbh_conf.o
    0x080024f0   0x080024f0   0x00000008   Code   RO         5930    i.HAL_HCD_Disconnect_Callback  usbh_conf.o
    0x080024f8   0x080024f8   0x00000006   Code   RO          635    i.HAL_HCD_GetCurrentFrame  stm32f4xx_hal_hcd.o
    0x080024fe   0x080024fe   0x00000006   Code   RO          636    i.HAL_HCD_GetCurrentSpeed  stm32f4xx_hal_hcd.o
    0x08002504   0x08002504   0x00000018   Code   RO          638    i.HAL_HCD_HC_ClearHubInfo  stm32f4xx_hal_hcd.o
    0x0800251c   0x0800251c   0x0000000e   Code   RO          640    i.HAL_HCD_HC_GetURBState  stm32f4xx_hal_hcd.o
    0x0800252a   0x0800252a   0x0000000c   Code   RO          641    i.HAL_HCD_HC_GetXferCount  stm32f4xx_hal_hcd.o
    0x08002536   0x08002536   0x00000024   Code   RO          642    i.HAL_HCD_HC_Halt   stm32f4xx_hal_hcd.o
    0x0800255a   0x0800255a   0x0000009c   Code   RO          643    i.HAL_HCD_HC_Init   stm32f4xx_hal_hcd.o
    0x080025f6   0x080025f6   0x00000002   Code   RO         5931    i.HAL_HCD_HC_NotifyURBChange_Callback  usbh_conf.o
    0x080025f8   0x080025f8   0x0000009a   Code   RO          646    i.HAL_HCD_HC_SubmitRequest  stm32f4xx_hal_hcd.o
    0x08002692   0x08002692   0x00000002   PAD
    0x08002694   0x08002694   0x00000142   Code   RO          647    i.HAL_HCD_IRQHandler  stm32f4xx_hal_hcd.o
    0x080027d6   0x080027d6   0x00000070   Code   RO          648    i.HAL_HCD_Init      stm32f4xx_hal_hcd.o
    0x08002846   0x08002846   0x00000002   PAD
    0x08002848   0x08002848   0x000000a8   Code   RO         5933    i.HAL_HCD_MspInit   usbh_conf.o
    0x080028f0   0x080028f0   0x00000008   Code   RO         5934    i.HAL_HCD_PortDisabled_Callback  usbh_conf.o
    0x080028f8   0x080028f8   0x00000008   Code   RO         5935    i.HAL_HCD_PortEnabled_Callback  usbh_conf.o
    0x08002900   0x08002900   0x00000006   Code   RO          653    i.HAL_HCD_ResetPort  stm32f4xx_hal_hcd.o
    0x08002906   0x08002906   0x00000008   Code   RO         5936    i.HAL_HCD_SOF_Callback  usbh_conf.o
    0x0800290e   0x0800290e   0x0000002c   Code   RO          655    i.HAL_HCD_Start     stm32f4xx_hal_hcd.o
    0x0800293a   0x0800293a   0x00000024   Code   RO          656    i.HAL_HCD_Stop      stm32f4xx_hal_hcd.o
    0x0800295e   0x0800295e   0x00000002   Code   RO         2808    i.HAL_I2C_AbortCpltCallback  stm32f4xx_hal_i2c.o
    0x08002960   0x08002960   0x00000002   Code   RO         2809    i.HAL_I2C_AddrCallback  stm32f4xx_hal_i2c.o
    0x08002962   0x08002962   0x00000230   Code   RO         2813    i.HAL_I2C_EV_IRQHandler  stm32f4xx_hal_i2c.o
    0x08002b92   0x08002b92   0x00000002   Code   RO         2815    i.HAL_I2C_ErrorCallback  stm32f4xx_hal_i2c.o
    0x08002b94   0x08002b94   0x00000188   Code   RO         2819    i.HAL_I2C_Init      stm32f4xx_hal_i2c.o
    0x08002d1c   0x08002d1c   0x00000002   Code   RO         2821    i.HAL_I2C_ListenCpltCallback  stm32f4xx_hal_i2c.o
    0x08002d1e   0x08002d1e   0x00000002   Code   RO         2822    i.HAL_I2C_MasterRxCpltCallback  stm32f4xx_hal_i2c.o
    0x08002d20   0x08002d20   0x00000002   Code   RO         2823    i.HAL_I2C_MasterTxCpltCallback  stm32f4xx_hal_i2c.o
    0x08002d22   0x08002d22   0x00000002   Code   RO         2835    i.HAL_I2C_MemRxCpltCallback  stm32f4xx_hal_i2c.o
    0x08002d24   0x08002d24   0x00000002   Code   RO         2836    i.HAL_I2C_MemTxCpltCallback  stm32f4xx_hal_i2c.o
    0x08002d26   0x08002d26   0x00000002   PAD
    0x08002d28   0x08002d28   0x00000204   Code   RO         2837    i.HAL_I2C_Mem_Read  stm32f4xx_hal_i2c.o
    0x08002f2c   0x08002f2c   0x00000130   Code   RO         2840    i.HAL_I2C_Mem_Write  stm32f4xx_hal_i2c.o
    0x0800305c   0x0800305c   0x0000007c   Code   RO          545    i.HAL_I2C_MspInit   stm32f4xx_hal_msp.o
    0x080030d8   0x080030d8   0x00000002   Code   RO         2845    i.HAL_I2C_SlaveRxCpltCallback  stm32f4xx_hal_i2c.o
    0x080030da   0x080030da   0x00000002   Code   RO         2846    i.HAL_I2C_SlaveTxCpltCallback  stm32f4xx_hal_i2c.o
    0x080030dc   0x080030dc   0x00000010   Code   RO         2030    i.HAL_IncTick       stm32f4xx_hal.o
    0x080030ec   0x080030ec   0x00000034   Code   RO         2031    i.HAL_Init          stm32f4xx_hal.o
    0x08003120   0x08003120   0x00000040   Code   RO         2032    i.HAL_InitTick      stm32f4xx_hal.o
    0x08003160   0x08003160   0x00000034   Code   RO          546    i.HAL_MspInit       stm32f4xx_hal_msp.o
    0x08003194   0x08003194   0x0000001a   Code   RO         1876    i.HAL_NVIC_EnableIRQ  stm32f4xx_hal_cortex.o
    0x080031ae   0x080031ae   0x00000002   PAD
    0x080031b0   0x080031b0   0x00000040   Code   RO         1882    i.HAL_NVIC_SetPriority  stm32f4xx_hal_cortex.o
    0x080031f0   0x080031f0   0x00000024   Code   RO         1883    i.HAL_NVIC_SetPriorityGrouping  stm32f4xx_hal_cortex.o
    0x08003214   0x08003214   0x00000134   Code   RO         1132    i.HAL_RCC_ClockConfig  stm32f4xx_hal_rcc.o
    0x08003348   0x08003348   0x00000020   Code   RO         1139    i.HAL_RCC_GetPCLK1Freq  stm32f4xx_hal_rcc.o
    0x08003368   0x08003368   0x00000020   Code   RO         1140    i.HAL_RCC_GetPCLK2Freq  stm32f4xx_hal_rcc.o
    0x08003388   0x08003388   0x00000064   Code   RO         1141    i.HAL_RCC_GetSysClockFreq  stm32f4xx_hal_rcc.o
    0x080033ec   0x080033ec   0x0000008c   Code   RO         1142    i.HAL_RCC_MCOConfig  stm32f4xx_hal_rcc.o
    0x08003478   0x08003478   0x0000036c   Code   RO         1144    i.HAL_RCC_OscConfig  stm32f4xx_hal_rcc.o
    0x080037e4   0x080037e4   0x0000005c   Code   RO         2677    i.HAL_SRAM_Init     stm32f4xx_hal_sram.o
    0x08003840   0x08003840   0x00000004   Code   RO          548    i.HAL_SRAM_MspInit  stm32f4xx_hal_msp.o
    0x08003844   0x08003844   0x00000028   Code   RO         1887    i.HAL_SYSTICK_Config  stm32f4xx_hal_cortex.o
    0x0800386c   0x0800386c   0x00000002   Code   RO         3969    i.HAL_TIMEx_BreakCallback  stm32f4xx_hal_tim_ex.o
    0x0800386e   0x0800386e   0x00000002   Code   RO         3970    i.HAL_TIMEx_CommutCallback  stm32f4xx_hal_tim_ex.o
    0x08003870   0x08003870   0x00000090   Code   RO         3988    i.HAL_TIMEx_MasterConfigSynchronization  stm32f4xx_hal_tim_ex.o
    0x08003900   0x08003900   0x0000005a   Code   RO         3265    i.HAL_TIM_Base_Init  stm32f4xx_hal_tim.o
    0x0800395a   0x0800395a   0x00000002   PAD
    0x0800395c   0x0800395c   0x00000068   Code   RO          550    i.HAL_TIM_Base_MspInit  stm32f4xx_hal_msp.o
    0x080039c4   0x080039c4   0x00000080   Code   RO         3270    i.HAL_TIM_Base_Start_IT  stm32f4xx_hal_tim.o
    0x08003a44   0x08003a44   0x00000002   Code   RO         3299    i.HAL_TIM_IC_CaptureCallback  stm32f4xx_hal_tim.o
    0x08003a46   0x08003a46   0x00000130   Code   RO         3313    i.HAL_TIM_IRQHandler  stm32f4xx_hal_tim.o
    0x08003b76   0x08003b76   0x00000002   Code   RO         3316    i.HAL_TIM_OC_DelayElapsedCallback  stm32f4xx_hal_tim.o
    0x08003b78   0x08003b78   0x00000002   Code   RO         3343    i.HAL_TIM_PWM_PulseFinishedCallback  stm32f4xx_hal_tim.o
    0x08003b7a   0x08003b7a   0x00000002   Code   RO         3351    i.HAL_TIM_PeriodElapsedCallback  stm32f4xx_hal_tim.o
    0x08003b7c   0x08003b7c   0x00000002   Code   RO         3356    i.HAL_TIM_TriggerCallback  stm32f4xx_hal_tim.o
    0x08003b7e   0x08003b7e   0x00000064   Code   RO         4266    i.HAL_UART_Init     stm32f4xx_hal_uart.o
    0x08003be2   0x08003be2   0x00000002   PAD
    0x08003be4   0x08003be4   0x00000080   Code   RO          552    i.HAL_UART_MspInit  stm32f4xx_hal_msp.o
    0x08003c64   0x08003c64   0x000000a0   Code   RO         4274    i.HAL_UART_Transmit  stm32f4xx_hal_uart.o
    0x08003d04   0x08003d04   0x0000037c   Code   RO          658    i.HCD_HC_IN_IRQHandler  stm32f4xx_hal_hcd.o
    0x08004080   0x08004080   0x000002e2   Code   RO          659    i.HCD_HC_OUT_IRQHandler  stm32f4xx_hal_hcd.o
    0x08004362   0x08004362   0x00000094   Code   RO          660    i.HCD_Port_IRQHandler  stm32f4xx_hal_hcd.o
    0x080043f6   0x080043f6   0x00000086   Code   RO          661    i.HCD_RXQLVL_IRQHandler  stm32f4xx_hal_hcd.o
    0x0800447c   0x0800447c   0x00000002   Code   RO          421    i.HardFault_Handler  stm32f4xx_it.o
    0x0800447e   0x0800447e   0x00000002   PAD
    0x08004480   0x08004480   0x0000000c   Code   RO          422    i.I2C1_EV_IRQHandler  stm32f4xx_it.o
    0x0800448c   0x0800448c   0x000000bc   Code   RO         2857    i.I2C_DMAAbort      stm32f4xx_hal_i2c.o
    0x08004548   0x08004548   0x00000010   Code   RO         2860    i.I2C_Flush_DR      stm32f4xx_hal_i2c.o
    0x08004558   0x08004558   0x00000158   Code   RO         2861    i.I2C_ITError       stm32f4xx_hal_i2c.o
    0x080046b0   0x080046b0   0x0000002e   Code   RO         2862    i.I2C_IsAcknowledgeFailed  stm32f4xx_hal_i2c.o
    0x080046de   0x080046de   0x000000da   Code   RO         2863    i.I2C_MasterReceive_BTF  stm32f4xx_hal_i2c.o
    0x080047b8   0x080047b8   0x000000f4   Code   RO         2864    i.I2C_MasterReceive_RXNE  stm32f4xx_hal_i2c.o
    0x080048ac   0x080048ac   0x00000082   Code   RO         2867    i.I2C_MasterTransmit_BTF  stm32f4xx_hal_i2c.o
    0x0800492e   0x0800492e   0x00000002   PAD
    0x08004930   0x08004930   0x000000b6   Code   RO         2868    i.I2C_MasterTransmit_TXE  stm32f4xx_hal_i2c.o
    0x080049e6   0x080049e6   0x00000002   PAD
    0x080049e8   0x080049e8   0x00000118   Code   RO         2869    i.I2C_Master_ADDR   stm32f4xx_hal_i2c.o
    0x08004b00   0x08004b00   0x0000008c   Code   RO         2870    i.I2C_Master_SB     stm32f4xx_hal_i2c.o
    0x08004b8c   0x08004b8c   0x000000a8   Code   RO         2871    i.I2C_MemoryTransmit_TXE_BTF  stm32f4xx_hal_i2c.o
    0x08004c34   0x08004c34   0x000000fc   Code   RO         2872    i.I2C_RequestMemoryRead  stm32f4xx_hal_i2c.o
    0x08004d30   0x08004d30   0x000000a8   Code   RO         2873    i.I2C_RequestMemoryWrite  stm32f4xx_hal_i2c.o
    0x08004dd8   0x08004dd8   0x00000046   Code   RO         2874    i.I2C_Slave_ADDR    stm32f4xx_hal_i2c.o
    0x08004e1e   0x08004e1e   0x00000002   PAD
    0x08004e20   0x08004e20   0x0000015c   Code   RO         2876    i.I2C_Slave_STOPF   stm32f4xx_hal_i2c.o
    0x08004f7c   0x08004f7c   0x00000056   Code   RO         2877    i.I2C_WaitOnBTFFlagUntilTimeout  stm32f4xx_hal_i2c.o
    0x08004fd2   0x08004fd2   0x00000002   PAD
    0x08004fd4   0x08004fd4   0x00000090   Code   RO         2878    i.I2C_WaitOnFlagUntilTimeout  stm32f4xx_hal_i2c.o
    0x08005064   0x08005064   0x000000bc   Code   RO         2879    i.I2C_WaitOnMasterAddressFlagUntilTimeout  stm32f4xx_hal_i2c.o
    0x08005120   0x08005120   0x00000070   Code   RO         2880    i.I2C_WaitOnRXNEFlagUntilTimeout  stm32f4xx_hal_i2c.o
    0x08005190   0x08005190   0x00000056   Code   RO         2881    i.I2C_WaitOnTXEFlagUntilTimeout  stm32f4xx_hal_i2c.o
    0x080051e6   0x080051e6   0x000001d6   Code   RO           13    i.Kalman_getAngle   mpu6050.o
    0x080053bc   0x080053bc   0x00000018   Code   RO         4931    i.LCD_IO_Init       stm324xg_eval.o
    0x080053d4   0x080053d4   0x0000000c   Code   RO         4932    i.LCD_IO_ReadData   stm324xg_eval.o
    0x080053e0   0x080053e0   0x0000001a   Code   RO         4934    i.LCD_IO_WriteMultipleData  stm324xg_eval.o
    0x080053fa   0x080053fa   0x00000008   Code   RO         4935    i.LCD_IO_WriteReg   stm324xg_eval.o
    0x08005402   0x08005402   0x00000092   Code   RO           14    i.MPU6050_Init      mpu6050.o
    0x08005494   0x08005494   0x000002c4   Code   RO           16    i.MPU6050_Read_All  mpu6050.o
    0x08005758   0x08005758   0x00000064   Code   RO          297    i.MX_ADC3_Init      main.o
    0x080057bc   0x080057bc   0x00000014   Code   RO         6110    i.MX_DriverVbusFS   usbh_platform.o
    0x080057d0   0x080057d0   0x0000001c   Code   RO         5852    i.MX_FATFS_Init     fatfs.o
    0x080057ec   0x080057ec   0x00000070   Code   RO          298    i.MX_FSMC_Init      main.o
    0x0800585c   0x0800585c   0x000003e0   Code   RO          299    i.MX_GPIO_Init      main.o
    0x08005c3c   0x08005c3c   0x00000040   Code   RO         5890    i.MX_USB_HOST_Init  usb_host.o
    0x08005c7c   0x08005c7c   0x0000000c   Code   RO         5891    i.MX_USB_HOST_Process  usb_host.o
    0x08005c88   0x08005c88   0x00000002   Code   RO          423    i.MemManage_Handler  stm32f4xx_it.o
    0x08005c8a   0x08005c8a   0x00000002   Code   RO          424    i.NMI_Handler       stm32f4xx_it.o
    0x08005c8c   0x08005c8c   0x0000000c   Code   RO          425    i.OTG_FS_IRQHandler  stm32f4xx_it.o
    0x08005c98   0x08005c98   0x00000002   Code   RO          426    i.PendSV_Handler    stm32f4xx_it.o
    0x08005c9a   0x08005c9a   0x00000002   Code   RO          427    i.SVC_Handler       stm32f4xx_it.o
    0x08005c9c   0x08005c9c   0x00000004   Code   RO          428    i.SysTick_Handler   stm32f4xx_it.o
    0x08005ca0   0x08005ca0   0x000000a0   Code   RO          300    i.SystemClock_Config  main.o
    0x08005d40   0x08005d40   0x00000010   Code   RO         4600    i.SystemInit        system_stm32f4xx.o
    0x08005d50   0x08005d50   0x0000001c   Code   RO          429    i.TIM1_UP_TIM10_IRQHandler  stm32f4xx_it.o
    0x08005d6c   0x08005d6c   0x00000020   Code   RO          430    i.TIM7_IRQHandler   stm32f4xx_it.o
    0x08005d8c   0x08005d8c   0x000000d8   Code   RO         3358    i.TIM_Base_SetConfig  stm32f4xx_hal_tim.o
    0x08005e64   0x08005e64   0x0000004e   Code   RO         4289    i.UART_EndRxTransfer  stm32f4xx_hal_uart.o
    0x08005eb2   0x08005eb2   0x00000002   PAD
    0x08005eb4   0x08005eb4   0x0000010c   Code   RO         4292    i.UART_SetConfig    stm32f4xx_hal_uart.o
    0x08005fc0   0x08005fc0   0x00000072   Code   RO         4295    i.UART_WaitOnFlagUntilTimeout  stm32f4xx_hal_uart.o
    0x08006032   0x08006032   0x00000038   Code   RO         6910    i.USBH_AllocPipe    usbh_pipes.o
    0x0800606a   0x0800606a   0x00000020   Code   RO         6838    i.USBH_BulkReceiveData  usbh_ioreq.o
    0x0800608a   0x0800608a   0x00000028   Code   RO         6839    i.USBH_BulkSendData  usbh_ioreq.o
    0x080060b2   0x080060b2   0x0000000a   Code   RO         6911    i.USBH_ClosePipe    usbh_pipes.o
    0x080060bc   0x080060bc   0x0000001e   Code   RO         6734    i.USBH_ClrFeature   usbh_ctlreq.o
    0x080060da   0x080060da   0x0000001e   Code   RO         6840    i.USBH_CtlReceiveData  usbh_ioreq.o
    0x080060f8   0x080060f8   0x0000003a   Code   RO         6735    i.USBH_CtlReq       usbh_ctlreq.o
    0x08006132   0x08006132   0x00000028   Code   RO         6841    i.USBH_CtlSendData  usbh_ioreq.o
    0x0800615a   0x0800615a   0x0000001e   Code   RO         6842    i.USBH_CtlSendSetup  usbh_ioreq.o
    0x08006178   0x08006178   0x00000004   Code   RO         5937    i.USBH_Delay        usbh_conf.o
    0x0800617c   0x0800617c   0x00000044   Code   RO         6601    i.USBH_FindInterface  usbh_core.o
    0x080061c0   0x080061c0   0x00000018   Code   RO         6912    i.USBH_FreePipe     usbh_pipes.o
    0x080061d8   0x080061d8   0x00000034   Code   RO         6736    i.USBH_GetDescriptor  usbh_ctlreq.o
    0x0800620c   0x0800620c   0x0000000e   Code   RO         6737    i.USBH_GetNextDesc  usbh_ctlreq.o
    0x0800621a   0x0800621a   0x00000036   Code   RO         6738    i.USBH_Get_CfgDesc  usbh_ctlreq.o
    0x08006250   0x08006250   0x00000036   Code   RO         6739    i.USBH_Get_DevDesc  usbh_ctlreq.o
    0x08006286   0x08006286   0x00000054   Code   RO         6740    i.USBH_Get_StringDesc  usbh_ctlreq.o
    0x080062da   0x080062da   0x00000018   Code   RO         5938    i.USBH_Get_USB_Status  usbh_conf.o
    0x080062f2   0x080062f2   0x00000192   Code   RO         6741    i.USBH_HandleControl  usbh_ctlreq.o
    0x08006484   0x08006484   0x0000016a   Code   RO         6604    i.USBH_HandleEnum   usbh_core.o
    0x080065ee   0x080065ee   0x0000003e   Code   RO         6605    i.USBH_Init         usbh_core.o
    0x0800662c   0x0800662c   0x00000012   Code   RO         5939    i.USBH_LL_ClosePipe  usbh_conf.o
    0x0800663e   0x0800663e   0x00000014   Code   RO         6607    i.USBH_LL_Connect   usbh_core.o
    0x08006652   0x08006652   0x0000002e   Code   RO         6608    i.USBH_LL_Disconnect  usbh_core.o
    0x08006680   0x08006680   0x0000001a   Code   RO         5941    i.USBH_LL_DriverVBUS  usbh_conf.o
    0x0800669a   0x0800669a   0x00000008   Code   RO         5942    i.USBH_LL_GetLastXferSize  usbh_conf.o
    0x080066a2   0x080066a2   0x00000022   Code   RO         5943    i.USBH_LL_GetSpeed  usbh_conf.o
    0x080066c4   0x080066c4   0x0000001c   Code   RO         5944    i.USBH_LL_GetToggle  usbh_conf.o
    0x080066e0   0x080066e0   0x00000008   Code   RO         5945    i.USBH_LL_GetURBState  usbh_conf.o
    0x080066e8   0x080066e8   0x0000001e   Code   RO         6609    i.USBH_LL_IncTimer  usbh_core.o
    0x08006706   0x08006706   0x00000002   PAD
    0x08006708   0x08006708   0x00000050   Code   RO         5946    i.USBH_LL_Init      usbh_conf.o
    0x08006758   0x08006758   0x0000001c   Code   RO         5947    i.USBH_LL_OpenPipe  usbh_conf.o
    0x08006774   0x08006774   0x00000008   Code   RO         6610    i.USBH_LL_PortDisabled  usbh_core.o
    0x0800677c   0x0800677c   0x00000008   Code   RO         6611    i.USBH_LL_PortEnabled  usbh_core.o
    0x08006784   0x08006784   0x00000012   Code   RO         5948    i.USBH_LL_ResetPort  usbh_conf.o
    0x08006796   0x08006796   0x00000006   Code   RO         6612    i.USBH_LL_SetTimer  usbh_core.o
    0x0800679c   0x0800679c   0x0000001e   Code   RO         5949    i.USBH_LL_SetToggle  usbh_conf.o
    0x080067ba   0x080067ba   0x00000012   Code   RO         5950    i.USBH_LL_Start     usbh_conf.o
    0x080067cc   0x080067cc   0x00000012   Code   RO         5951    i.USBH_LL_Stop      usbh_conf.o
    0x080067de   0x080067de   0x00000022   Code   RO         5952    i.USBH_LL_SubmitURB  usbh_conf.o
    0x08006800   0x08006800   0x0000001e   Code   RO         7043    i.USBH_MSC_BOT_Abort  usbh_msc_bot.o
    0x0800681e   0x0800681e   0x00000002   PAD
    0x08006820   0x08006820   0x00000024   Code   RO         7044    i.USBH_MSC_BOT_Init  usbh_msc_bot.o
    0x08006844   0x08006844   0x000001dc   Code   RO         7045    i.USBH_MSC_BOT_Process  usbh_msc_bot.o
    0x08006a20   0x08006a20   0x00000016   Code   RO         7046    i.USBH_MSC_BOT_REQ_GetMaxLUN  usbh_msc_bot.o
    0x08006a36   0x08006a36   0x00000016   Code   RO         7047    i.USBH_MSC_BOT_REQ_Reset  usbh_msc_bot.o
    0x08006a4c   0x08006a4c   0x00000078   Code   RO         6952    i.USBH_MSC_ClassRequest  usbh_msc.o
    0x08006ac4   0x08006ac4   0x0000002e   Code   RO         6953    i.USBH_MSC_GetLUNInfo  usbh_msc.o
    0x08006af2   0x08006af2   0x0000004a   Code   RO         6955    i.USBH_MSC_InterfaceDeInit  usbh_msc.o
    0x08006b3c   0x08006b3c   0x00000104   Code   RO         6956    i.USBH_MSC_InterfaceInit  usbh_msc.o
    0x08006c40   0x08006c40   0x0000027e   Code   RO         6958    i.USBH_MSC_Process  usbh_msc.o
    0x08006ebe   0x08006ebe   0x00000002   PAD
    0x08006ec0   0x08006ec0   0x0000008e   Code   RO         6959    i.USBH_MSC_RdWrProcess  usbh_msc.o
    0x08006f4e   0x08006f4e   0x0000008a   Code   RO         6960    i.USBH_MSC_Read     usbh_msc.o
    0x08006fd8   0x08006fd8   0x000000d4   Code   RO         7090    i.USBH_MSC_SCSI_Inquiry  usbh_msc_scsi.o
    0x080070ac   0x080070ac   0x00000080   Code   RO         7091    i.USBH_MSC_SCSI_Read  usbh_msc_scsi.o
    0x0800712c   0x0800712c   0x0000007a   Code   RO         7092    i.USBH_MSC_SCSI_ReadCapacity  usbh_msc_scsi.o
    0x080071a6   0x080071a6   0x00000092   Code   RO         7093    i.USBH_MSC_SCSI_RequestSense  usbh_msc_scsi.o
    0x08007238   0x08007238   0x0000004c   Code   RO         7094    i.USBH_MSC_SCSI_TestUnitReady  usbh_msc_scsi.o
    0x08007284   0x08007284   0x00000080   Code   RO         7095    i.USBH_MSC_SCSI_Write  usbh_msc_scsi.o
    0x08007304   0x08007304   0x00000004   Code   RO         6961    i.USBH_MSC_SOFProcess  usbh_msc.o
    0x08007308   0x08007308   0x00000026   Code   RO         6962    i.USBH_MSC_UnitIsReady  usbh_msc.o
    0x0800732e   0x0800732e   0x0000008a   Code   RO         6963    i.USBH_MSC_Write    usbh_msc.o
    0x080073b8   0x080073b8   0x00000014   Code   RO         6913    i.USBH_OpenPipe     usbh_pipes.o
    0x080073cc   0x080073cc   0x0000014a   Code   RO         6742    i.USBH_ParseCfgDesc  usbh_ctlreq.o
    0x08007516   0x08007516   0x0000007a   Code   RO         6743    i.USBH_ParseDevDesc  usbh_ctlreq.o
    0x08007590   0x08007590   0x000000b4   Code   RO         6744    i.USBH_ParseEPDesc  usbh_ctlreq.o
    0x08007644   0x08007644   0x0000023c   Code   RO         6613    i.USBH_Process      usbh_core.o
    0x08007880   0x08007880   0x0000001c   Code   RO         6615    i.USBH_RegisterClass  usbh_core.o
    0x0800789c   0x0800789c   0x00000016   Code   RO         6616    i.USBH_SelectInterface  usbh_core.o
    0x080078b2   0x080078b2   0x0000001c   Code   RO         6745    i.USBH_SetAddress   usbh_ctlreq.o
    0x080078ce   0x080078ce   0x0000001c   Code   RO         6746    i.USBH_SetCfg       usbh_ctlreq.o
    0x080078ea   0x080078ea   0x0000001c   Code   RO         6747    i.USBH_SetFeature   usbh_ctlreq.o
    0x08007906   0x08007906   0x00000014   Code   RO         6617    i.USBH_Start        usbh_core.o
    0x0800791a   0x0800791a   0x00000002   PAD
    0x0800791c   0x0800791c   0x00000020   Code   RO         5892    i.USBH_UserProcess  usb_host.o
    0x0800793c   0x0800793c   0x00000004   Code   RO         5797    i.USBH_initialize   usbh_diskio.o
    0x08007940   0x08007940   0x00000064   Code   RO         5798    i.USBH_ioctl        usbh_diskio.o
    0x080079a4   0x080079a4   0x00000044   Code   RO         5799    i.USBH_read         usbh_diskio.o
    0x080079e8   0x080079e8   0x00000018   Code   RO         5800    i.USBH_status       usbh_diskio.o
    0x08007a00   0x08007a00   0x0000004c   Code   RO         5801    i.USBH_write        usbh_diskio.o
    0x08007a4c   0x08007a4c   0x00000084   Code   RO          831    i.USB_CoreInit      stm32f4xx_ll_usb.o
    0x08007ad0   0x08007ad0   0x0000003c   Code   RO          832    i.USB_CoreReset     stm32f4xx_ll_usb.o
    0x08007b0c   0x08007b0c   0x0000000c   Code   RO          839    i.USB_DisableGlobalInt  stm32f4xx_ll_usb.o
    0x08007b18   0x08007b18   0x00000024   Code   RO          840    i.USB_DoPing        stm32f4xx_ll_usb.o
    0x08007b3c   0x08007b3c   0x0000002c   Code   RO          841    i.USB_DriveVbus     stm32f4xx_ll_usb.o
    0x08007b68   0x08007b68   0x0000000c   Code   RO          847    i.USB_EnableGlobalInt  stm32f4xx_ll_usb.o
    0x08007b74   0x08007b74   0x00000038   Code   RO          848    i.USB_FlushRxFifo   stm32f4xx_ll_usb.o
    0x08007bac   0x08007bac   0x0000003c   Code   RO          849    i.USB_FlushTxFifo   stm32f4xx_ll_usb.o
    0x08007be8   0x08007be8   0x00000008   Code   RO          850    i.USB_GetCurrentFrame  stm32f4xx_ll_usb.o
    0x08007bf0   0x08007bf0   0x0000000e   Code   RO          852    i.USB_GetHostSpeed  stm32f4xx_ll_usb.o
    0x08007bfe   0x08007bfe   0x00000008   Code   RO          853    i.USB_GetMode       stm32f4xx_ll_usb.o
    0x08007c06   0x08007c06   0x000000d4   Code   RO          854    i.USB_HC_Halt       stm32f4xx_ll_usb.o
    0x08007cda   0x08007cda   0x00000002   PAD
    0x08007cdc   0x08007cdc   0x00000118   Code   RO          855    i.USB_HC_Init       stm32f4xx_ll_usb.o
    0x08007df4   0x08007df4   0x00000008   Code   RO          856    i.USB_HC_ReadInterrupt  stm32f4xx_ll_usb.o
    0x08007dfc   0x08007dfc   0x00000260   Code   RO          857    i.USB_HC_StartXfer  stm32f4xx_ll_usb.o
    0x0800805c   0x0800805c   0x000000d0   Code   RO          858    i.USB_HostInit      stm32f4xx_ll_usb.o
    0x0800812c   0x0800812c   0x00000038   Code   RO          859    i.USB_InitFSLSPClkSel  stm32f4xx_ll_usb.o
    0x08008164   0x08008164   0x00000010   Code   RO          860    i.USB_ReadChInterrupts  stm32f4xx_ll_usb.o
    0x08008174   0x08008174   0x00000008   Code   RO          865    i.USB_ReadInterrupts  stm32f4xx_ll_usb.o
    0x0800817c   0x0800817c   0x0000003e   Code   RO          866    i.USB_ReadPacket    stm32f4xx_ll_usb.o
    0x080081ba   0x080081ba   0x00000032   Code   RO          867    i.USB_ResetPort     stm32f4xx_ll_usb.o
    0x080081ec   0x080081ec   0x0000005c   Code   RO          868    i.USB_SetCurrentMode  stm32f4xx_ll_usb.o
    0x08008248   0x08008248   0x0000008a   Code   RO          873    i.USB_StopHost      stm32f4xx_ll_usb.o
    0x080082d2   0x080082d2   0x00000002   PAD
    0x080082d4   0x080082d4   0x00000028   Code   RO          874    i.USB_WritePacket   stm32f4xx_ll_usb.o
    0x080082fc   0x080082fc   0x00000002   Code   RO          431    i.UsageFault_Handler  stm32f4xx_it.o
    0x080082fe   0x080082fe   0x00000030   Code   RO         7519    i.__ARM_fpclassify  m_wm.l(fpclassify.o)
    0x0800832e   0x0800832e   0x00000020   Code   RO         1889    i.__NVIC_SetPriority  stm32f4xx_hal_cortex.o
    0x0800834e   0x0800834e   0x00000002   PAD
    0x08008350   0x08008350   0x000002d8   Code   RO         7296    i.__hardfp_atan     m_wm.l(atan.o)
    0x08008628   0x08008628   0x00000200   Code   RO         7310    i.__hardfp_atan2    m_wm.l(atan2.o)
    0x08008828   0x08008828   0x00000014   Code   RO         7346    i.__hardfp_fabs     m_wm.l(fabs.o)
    0x0800883c   0x0800883c   0x0000007a   Code   RO         7378    i.__hardfp_sqrt     m_wm.l(sqrt.o)
    0x080088b6   0x080088b6   0x000000f8   Code   RO         7537    i.__kernel_poly     m_wm.l(poly.o)
    0x080089ae   0x080089ae   0x00000014   Code   RO         7506    i.__mathlib_dbl_infnan  m_wm.l(dunder.o)
    0x080089c2   0x080089c2   0x00000014   Code   RO         7507    i.__mathlib_dbl_infnan2  m_wm.l(dunder.o)
    0x080089d6   0x080089d6   0x00000002   PAD
    0x080089d8   0x080089d8   0x00000020   Code   RO         7511    i.__mathlib_dbl_underflow  m_wm.l(dunder.o)
    0x080089f8   0x080089f8   0x0000000e   Code   RO         7229    i._is_digit         c_w.l(__printf_wp.o)
    0x08008a06   0x08008a06   0x00000010   Code   RO         7298    i.atan              m_wm.l(atan.o)
    0x08008a16   0x08008a16   0x00000002   PAD
    0x08008a18   0x08008a18   0x00000070   Code   RO         6189    i.check_fs          ff.o
    0x08008a88   0x08008a88   0x0000005c   Code   RO         6190    i.chk_lock          ff.o
    0x08008ae4   0x08008ae4   0x00000020   Code   RO         6191    i.clear_lock        ff.o
    0x08008b04   0x08008b04   0x00000024   Code   RO         6192    i.clmt_clust        ff.o
    0x08008b28   0x08008b28   0x00000018   Code   RO         6193    i.clust2sect        ff.o
    0x08008b40   0x08008b40   0x000000a4   Code   RO         6194    i.create_chain      ff.o
    0x08008be4   0x08008be4   0x000000bc   Code   RO         6195    i.create_name       ff.o
    0x08008ca0   0x08008ca0   0x00000034   Code   RO         6196    i.dec_lock          ff.o
    0x08008cd4   0x08008cd4   0x00000064   Code   RO         6197    i.dir_find          ff.o
    0x08008d38   0x08008d38   0x000000f4   Code   RO         6198    i.dir_next          ff.o
    0x08008e2c   0x08008e2c   0x00000066   Code   RO         6200    i.dir_register      ff.o
    0x08008e92   0x08008e92   0x00000082   Code   RO         6202    i.dir_sdi           ff.o
    0x08008f14   0x08008f14   0x0000002c   Code   RO         6134    i.disk_initialize   diskio.o
    0x08008f40   0x08008f40   0x0000001c   Code   RO         6135    i.disk_ioctl        diskio.o
    0x08008f5c   0x08008f5c   0x0000001c   Code   RO         6136    i.disk_read         diskio.o
    0x08008f78   0x08008f78   0x00000018   Code   RO         6137    i.disk_status       diskio.o
    0x08008f90   0x08008f90   0x0000001c   Code   RO         6138    i.disk_write        diskio.o
    0x08008fac   0x08008fac   0x00000028   Code   RO         6203    i.f_close           ff.o
    0x08008fd4   0x08008fd4   0x00000058   Code   RO         6210    i.f_mount           ff.o
    0x0800902c   0x0800902c   0x0000020c   Code   RO         6211    i.f_open            ff.o
    0x08009238   0x08009238   0x0000008e   Code   RO         6220    i.f_sync            ff.o
    0x080092c6   0x080092c6   0x0000018e   Code   RO         6223    i.f_write           ff.o
    0x08009454   0x08009454   0x00000018   Code   RO         7348    i.fabs              m_wm.l(fabs.o)
    0x0800946c   0x0800946c   0x00000254   Code   RO         6224    i.find_volume       ff.o
    0x080096c0   0x080096c0   0x00000074   Code   RO         6225    i.follow_path       ff.o
    0x08009734   0x08009734   0x000000be   Code   RO         6226    i.get_fat           ff.o
    0x080097f2   0x080097f2   0x00000004   Code   RO         5853    i.get_fattime       fatfs.o
    0x080097f6   0x080097f6   0x0000003c   Code   RO         6228    i.get_ldnumber      ff.o
    0x08009832   0x08009832   0x00000036   Code   RO         5232    i.ili9325_DisplayOff  ili9325.o
    0x08009868   0x08009868   0x00000060   Code   RO         5233    i.ili9325_DisplayOn  ili9325.o
    0x080098c8   0x080098c8   0x0000004c   Code   RO         5234    i.ili9325_DrawBitmap  ili9325.o
    0x08009914   0x08009914   0x00000038   Code   RO         5235    i.ili9325_DrawHLine  ili9325.o
    0x0800994c   0x0800994c   0x0000001e   Code   RO         5236    i.ili9325_DrawRGBImage  ili9325.o
    0x0800996a   0x0800996a   0x00000002   PAD
    0x0800996c   0x0800996c   0x00000054   Code   RO         5237    i.ili9325_DrawVLine  ili9325.o
    0x080099c0   0x080099c0   0x00000004   Code   RO         5238    i.ili9325_GetLcdPixelHeight  ili9325.o
    0x080099c4   0x080099c4   0x00000006   Code   RO         5239    i.ili9325_GetLcdPixelWidth  ili9325.o
    0x080099ca   0x080099ca   0x000001ec   Code   RO         5240    i.ili9325_Init      ili9325.o
    0x08009bb6   0x08009bb6   0x00000010   Code   RO         5241    i.ili9325_ReadID    ili9325.o
    0x08009bc6   0x08009bc6   0x00000010   Code   RO         5242    i.ili9325_ReadPixel  ili9325.o
    0x08009bd6   0x08009bd6   0x0000001c   Code   RO         5244    i.ili9325_SetCursor  ili9325.o
    0x08009bf2   0x08009bf2   0x0000003e   Code   RO         5245    i.ili9325_SetDisplayWindow  ili9325.o
    0x08009c30   0x08009c30   0x00000016   Code   RO         5246    i.ili9325_WritePixel  ili9325.o
    0x08009c46   0x08009c46   0x00000010   Code   RO         5247    i.ili9325_WriteReg  ili9325.o
    0x08009c56   0x08009c56   0x00000002   PAD
    0x08009c58   0x08009c58   0x00000080   Code   RO         6229    i.inc_lock          ff.o
    0x08009cd8   0x08009cd8   0x00000026   Code   RO         6230    i.ld_clust          ff.o
    0x08009cfe   0x08009cfe   0x00000016   Code   RO         6231    i.ld_dword          ff.o
    0x08009d14   0x08009d14   0x0000000a   Code   RO         6232    i.ld_word           ff.o
    0x08009d1e   0x08009d1e   0x00000002   PAD
    0x08009d20   0x08009d20   0x00000284   Code   RO          301    i.main              main.o
    0x08009fa4   0x08009fa4   0x00000012   Code   RO         6233    i.mem_cpy           ff.o
    0x08009fb6   0x08009fb6   0x00000002   PAD
    0x08009fb8   0x08009fb8   0x0000000e   Code   RO         6234    i.mem_set           ff.o
    0x08009fc6   0x08009fc6   0x00000032   Code   RO         6235    i.move_window       ff.o
    0x08009ff8   0x08009ff8   0x000000ea   Code   RO         6236    i.put_fat           ff.o
    0x0800a0e2   0x0800a0e2   0x00000074   Code   RO         6239    i.remove_chain      ff.o
    0x0800a156   0x0800a156   0x00000002   PAD
    0x0800a158   0x0800a158   0x00000038   Code   RO          211    i.serialPrintln     voxart_dev.o
    0x0800a190   0x0800a190   0x00000028   Code   RO         6240    i.st_clust          ff.o
    0x0800a1b8   0x0800a1b8   0x00000010   Code   RO         6241    i.st_dword          ff.o
    0x0800a1c8   0x0800a1c8   0x00000008   Code   RO         6242    i.st_word           ff.o
    0x0800a1d0   0x0800a1d0   0x00000088   Code   RO         6243    i.sync_fs           ff.o
    0x0800a258   0x0800a258   0x00000052   Code   RO         6244    i.sync_window       ff.o
    0x0800a2aa   0x0800a2aa   0x00000034   Code   RO         6245    i.validate          ff.o
    0x0800a2de   0x0800a2de   0x00000002   PAD
    0x0800a2e0   0x0800a2e0   0x0000002c   Code   RO         7615    locale$$code        c_w.l(lc_numeric_c.o)
    0x0800a30c   0x0800a30c   0x00000018   Code   RO         7256    x$fpl$basic         fz_wm.l(basic.o)
    0x0800a324   0x0800a324   0x00000150   Code   RO         7258    x$fpl$dadd          fz_wm.l(daddsub_clz.o)
    0x0800a474   0x0800a474   0x00000018   Code   RO         7494    x$fpl$dcmpinf       fz_wm.l(dcmpi.o)
    0x0800a48c   0x0800a48c   0x000002b0   Code   RO         7265    x$fpl$ddiv          fz_wm.l(ddiv.o)
    0x0800a73c   0x0800a73c   0x00000078   Code   RO         7268    x$fpl$deqf          fz_wm.l(deqf.o)
    0x0800a7b4   0x0800a7b4   0x0000002e   Code   RO         7271    x$fpl$dflt          fz_wm.l(dflt_clz.o)
    0x0800a7e2   0x0800a7e2   0x00000026   Code   RO         7270    x$fpl$dfltu         fz_wm.l(dflt_clz.o)
    0x0800a808   0x0800a808   0x00000078   Code   RO         7276    x$fpl$dleqf         fz_wm.l(dleqf.o)
    0x0800a880   0x0800a880   0x00000154   Code   RO         7278    x$fpl$dmul          fz_wm.l(dmul.o)
    0x0800a9d4   0x0800a9d4   0x0000009c   Code   RO         7496    x$fpl$dnaninf       fz_wm.l(dnaninf.o)
    0x0800aa70   0x0800aa70   0x0000000c   Code   RO         7498    x$fpl$dretinf       fz_wm.l(dretinf.o)
    0x0800aa7c   0x0800aa7c   0x0000006c   Code   RO         7280    x$fpl$drleqf        fz_wm.l(drleqf.o)
    0x0800aae8   0x0800aae8   0x00000016   Code   RO         7259    x$fpl$drsb          fz_wm.l(daddsub_clz.o)
    0x0800aafe   0x0800aafe   0x00000002   PAD
    0x0800ab00   0x0800ab00   0x00000198   Code   RO         7500    x$fpl$dsqrt         fz_wm.l(dsqrt_umaal.o)
    0x0800ac98   0x0800ac98   0x000001d4   Code   RO         7260    x$fpl$dsub          fz_wm.l(daddsub_clz.o)
    0x0800ae6c   0x0800ae6c   0x0000000a   Code   RO         7626    x$fpl$fpinit        fz_wm.l(fpinit.o)
    0x0800ae76   0x0800ae76   0x00000004   Code   RO         7282    x$fpl$printf1       fz_wm.l(printf1.o)
    0x0800ae7a   0x0800ae7a   0x00000000   Code   RO         7504    x$fpl$usenofp       fz_wm.l(usenofp.o)
    0x0800ae7a   0x0800ae7a   0x00000010   Data   RO         4601    .constdata          system_stm32f4xx.o
    0x0800ae8a   0x0800ae8a   0x00000008   Data   RO         4602    .constdata          system_stm32f4xx.o
    0x0800ae92   0x0800ae92   0x00001ab8   Data   RO         4672    .constdata          stm324xg_eval_lcd.o
    0x0800c94a   0x0800c94a   0x00000002   PAD
    0x0800c94c   0x0800c94c   0x00000014   Data   RO         5802    .constdata          usbh_diskio.o
    0x0800c960   0x0800c960   0x0000009c   Data   RO         6247    .constdata          ff.o
    0x0800c9fc   0x0800c9fc   0x00000011   Data   RO         7232    .constdata          c_w.l(__printf_flags_wp.o)
    0x0800ca0d   0x0800ca0d   0x00000003   PAD
    0x0800ca10   0x0800ca10   0x00000098   Data   RO         7299    .constdata          m_wm.l(atan.o)
    0x0800caa8   0x0800caa8   0x00000008   Data   RO         7539    .constdata          m_wm.l(qnan.o)
    0x0800cab0   0x0800cab0   0x00000094   Data   RO         7590    .constdata          c_w.l(bigflt0.o)
    0x0800cb44   0x0800cb44   0x00000004   Data   RO         6964    .conststring        usbh_msc.o
    0x0800cb48   0x0800cb48   0x00000020   Data   RO         7719    Region$$Table       anon$$obj.o
    0x0800cb68   0x0800cb68   0x0000001c   Data   RO         7614    locale$$data        c_w.l(lc_numeric_c.o)


    Execution Region RW_IRAM1 (Exec base: 0x20000000, Load base: 0x0800cb84, Size: 0x00001970, Max: 0x0001c000, ABSOLUTE, COMPRESSED[0x00000084])

    Exec Addr    Load Addr    Size         Type   Attr      Idx    E Section Name        Object

    0x20000000   COMPRESSED   0x00000098   Data   RW           21    .data               mpu6050.o
    0x20000098   COMPRESSED   0x0000000c   Data   RW          305    .data               main.o
    0x200000a4   COMPRESSED   0x00000004   Data   RW          441    .data               stm32f4xx_it.o
    0x200000a8   COMPRESSED   0x00000008   Data   RW          553    .data               stm32f4xx_hal_msp.o
    0x200000b0   COMPRESSED   0x0000000c   Data   RW         2038    .data               stm32f4xx_hal.o
    0x200000bc   COMPRESSED   0x00000004   Data   RW         4603    .data               system_stm32f4xx.o
    0x200000c0   COMPRESSED   0x0000000c   Data   RW         4677    .data               stm324xg_eval_lcd.o
    0x200000cc   COMPRESSED   0x0000002c   Data   RW         4938    .data               stm324xg_eval.o
    0x200000f8   COMPRESSED   0x00000038   Data   RW         5249    .data               ili9325.o
    0x20000130   COMPRESSED   0x00000005   Data   RW         5856    .data               fatfs.o
    0x20000135   COMPRESSED   0x00000001   Data   RW         5894    .data               usb_host.o
    0x20000136   COMPRESSED   0x00000002   PAD
    0x20000138   COMPRESSED   0x00000008   Data   RW         6248    .data               ff.o
    0x20000140   COMPRESSED   0x00000020   Data   RW         6965    .data               usbh_msc.o
    0x20000160        -       0x00000510   Zero   RW          303    .bss                main.o
    0x20000670        -       0x0000000c   Zero   RW         4671    .bss                stm324xg_eval_lcd.o
    0x2000067c        -       0x00000280   Zero   RW         5248    .bss                ili9325.o
    0x200008fc        -       0x00000230   Zero   RW         5854    .bss                fatfs.o
    0x20000b2c        -       0x000003d8   Zero   RW         5893    .bss                usb_host.o
    0x20000f04        -       0x000003e0   Zero   RW         5953    .bss                usbh_conf.o
    0x200012e4        -       0x00000020   Zero   RW         6246    .bss                ff.o
    0x20001304        -       0x0000000c   Zero   RW         6529    .bss                ff_gen_drv.o
    0x20001310        -       0x00000060   Zero   RW         7546    .bss                c_w.l(libspace.o)
    0x20001370        -       0x00000200   Zero   RW            2    HEAP                startup_stm32f407xx.o
    0x20001570        -       0x00000400   Zero   RW            1    STACK               startup_stm32f407xx.o


    Execution Region RW_IRAM2 (Exec base: 0x2001c000, Load base: 0x0800cc08, Size: 0x00000000, Max: 0x00004000, ABSOLUTE)

    **** No section assigned to this execution region ****


==============================================================================

Image component sizes


      Code (inc. data)   RO Data    RW Data    ZI Data      Debug   Object Name

       152         24          0          0          0       3881   diskio.o
        32         10          0          5        560       1624   fatfs.o
      4394         80        156          8         32      38657   ff.o
        70          6          0          0         12       1699   ff_gen_drv.o
      1058         10          0         56        640      11915   ili9325.o
      2012        210          0         12       1296      24521   main.o
      1324         78          0        152          0     740018   mpu6050.o
        64         26        392          0       1536        868   startup_stm32f407xx.o
       354         34          0         44          0       6575   stm324xg_eval.o
       596         62       6840         12         12      14088   stm324xg_eval_lcd.o
       180         28          0         12          0       9593   stm32f4xx_hal.o
       964         52          0          0          0       3867   stm32f4xx_hal_adc.o
       198         14          0          0          0      33955   stm32f4xx_hal_cortex.o
        42          0          0          0          0       1870   stm32f4xx_hal_dma.o
       548         52          0          0          0       4157   stm32f4xx_hal_gpio.o
      2840          0          0          0          0      15511   stm32f4xx_hal_hcd.o
      5202         86          0          0          0      32444   stm32f4xx_hal_i2c.o
       704         88          0          8          0       5363   stm32f4xx_hal_msp.o
      1488         90          0          0          0       6324   stm32f4xx_hal_rcc.o
        92          0          0          0          0       1276   stm32f4xx_hal_sram.o
       748         74          0          0          0       7761   stm32f4xx_hal_tim.o
       148         28          0          0          0       2577   stm32f4xx_hal_tim_ex.o
       720         10          0          0          0       4984   stm32f4xx_hal_uart.o
       170         48          0          4          0       8684   stm32f4xx_it.o
       232         14          0          0          0       4039   stm32f4xx_ll_fsmc.o
      2220         46          0          0          0      20376   stm32f4xx_ll_usb.o
        16          4         24          4          0       1199   system_stm32f4xx.o
       108         22          0          1        984       2390   usb_host.o
       586         14          0          0        992      14593   usbh_conf.o
      1372         20          0          0          0      11549   usbh_core.o
      1464         12          0          0          0      13322   usbh_ctlreq.o
       272         20         20          0          0       4377   usbh_diskio.o
       172          0          0          0          0       4488   usbh_ioreq.o
      1598         10          4         32          0      11161   usbh_msc.o
       586         28          0          0          0       4953   usbh_msc_bot.o
       812          0          0          0          0       6463   usbh_msc_scsi.o
       110          0          0          0          0       3466   usbh_pipes.o
        20          4          0          0          0        566   usbh_platform.o
        56         10          0          0          0        588   voxart_dev.o

    ----------------------------------------------------------------------
     33780       1314       7470        352       6064    1085742   Object Totals
         0          0         32          0          0          0   (incl. Generated)
        56          0          2          2          0          0   (incl. Padding)

    ----------------------------------------------------------------------

      Code (inc. data)   RO Data    RW Data    ZI Data      Debug   Library Member Name

        90          0          0          0          0          0   __dczerorl2.o
         8          0          0          0          0         68   __main.o
       312          4         17          0          0         92   __printf_flags_wp.o
        14          0          0          0          0         68   __printf_wp.o
         0          0          0          0          0          0   __rtentry.o
        12          0          0          0          0          0   __rtentry2.o
         6          0          0          0          0          0   __rtentry4.o
        52          8          0          0          0          0   __scatter.o
        28          0          0          0          0          0   __scatter_zi.o
        48          6          0          0          0         96   _printf_char_common.o
         6          0          0          0          0          0   _printf_f.o
      1054          0          0          0          0        216   _printf_fp_dec.o
       128         16          0          0          0         84   _printf_fp_infnan.o
         0          0          0          0          0          0   _printf_percent.o
         4          0          0          0          0          0   _printf_percent_end.o
        22          0          0          0          0        100   _rserrno.o
        16          0          0          0          0         68   _snputc.o
        10          0          0          0          0         68   _sputc.o
       228          4        148          0          0         96   bigflt0.o
      1936        128          0          0          0        672   btod.o
        10          0          0          0          0         68   defsig_exit.o
        50          0          0          0          0         88   defsig_general.o
        80         58          0          0          0         76   defsig_rtmem_inner.o
        14          0          0          0          0         80   defsig_rtmem_outer.o
        18          0          0          0          0         80   exit.o
        94          0          0          0          0         80   h1_alloc.o
        52          0          0          0          0         68   h1_extend.o
        78          0          0          0          0         80   h1_free.o
        14          0          0          0          0         84   h1_init.o
         6          0          0          0          0        152   heapauxi.o
         4          0          0          0          0        136   hguard.o
         0          0          0          0          0          0   indicate_semi.o
       138          0          0          0          0        168   init_alloc.o
        44         10         28          0          0         76   lc_numeric_c.o
         2          0          0          0          0          0   libinit.o
        30          0          0          0          0          0   libinit2.o
         2          0          0          0          0          0   libshutdown.o
         2          0          0          0          0          0   libshutdown2.o
         8          4          0          0         96         68   libspace.o
       138          0          0          0          0         80   lludiv10.o
       238          0          0          0          0        100   lludivv7m.o
         0          0          0          0          0          0   maybetermalloc1.o
        52          4          0          0          0         84   noretval__2snprintf.o
        40          6          0          0          0         84   noretval__2sprintf.o
         8          4          0          0          0         68   rt_errno_addr_intlibspace.o
         8          4          0          0          0         68   rt_heap_descriptor_intlibspace.o
         8          4          0          0          0         68   rt_locale_intlibspace.o
        68          0          0          0          0         68   rt_memclr.o
        78          0          0          0          0         80   rt_memclr_w.o
       138          0          0          0          0         68   rt_memcpy_v6.o
       100          0          0          0          0         80   rt_memcpy_w.o
         2          0          0          0          0          0   rtexit.o
        10          0          0          0          0          0   rtexit2.o
        24          0          0          0          0         68   strcat.o
       128          0          0          0          0         68   strcmpv7m.o
        12          4          0          0          0         68   sys_exit.o
        74          0          0          0          0         80   sys_stackheap_outer.o
        14          0          0          0          0         76   sys_wrch.o
         2          0          0          0          0         68   use_no_semi.o
        24          0          0          0          0        164   basic.o
       826         16          0          0          0        492   daddsub_clz.o
        24          0          0          0          0        116   dcmpi.o
       688        140          0          0          0        256   ddiv.o
       120          4          0          0          0        140   deqf.o
        84          0          0          0          0        232   dflt_clz.o
       120          4          0          0          0        140   dleqf.o
       340         12          0          0          0        152   dmul.o
       156          4          0          0          0        140   dnaninf.o
        12          0          0          0          0        116   dretinf.o
       108          0          0          0          0        128   drleqf.o
       408         56          0          0          0        168   dsqrt_umaal.o
        10          0          0          0          0        116   fpinit.o
         4          0          0          0          0        116   printf1.o
         0          0          0          0          0          0   usenofp.o
       744        106        152          0          0        352   atan.o
       512         64          0          0          0        208   atan2.o
        72          8          0          0          0        372   dunder.o
        44          0          0          0          0        248   fabs.o
        48          0          0          0          0        124   fpclassify.o
       248          0          0          0          0        152   poly.o
         0          0          8          0          0          0   qnan.o
       122          0          0          0          0        148   sqrt.o

    ----------------------------------------------------------------------
     10494        678        356          0         96       8288   Library Totals
        18          0          3          0          0          0   (incl. Padding)

    ----------------------------------------------------------------------

      Code (inc. data)   RO Data    RW Data    ZI Data      Debug   Library Name

      5762        264        193          0         96       4208   c_w.l
      2924        236          0          0          0       2476   fz_wm.l
      1790        178        160          0          0       1604   m_wm.l

    ----------------------------------------------------------------------
     10494        678        356          0         96       8288   Library Totals

    ----------------------------------------------------------------------

==============================================================================


      Code (inc. data)   RO Data    RW Data    ZI Data      Debug   

     44274       1992       7826        352       6160    1057586   Grand Totals
     44274       1992       7826        132       6160    1057586   ELF Image Totals (compressed)
     44274       1992       7826        132          0          0   ROM Totals

==============================================================================

    Total RO  Size (Code + RO Data)                52100 (  50.88kB)
    Total RW  Size (RW Data + ZI Data)              6512 (   6.36kB)
    Total ROM Size (Code + RO Data + RW Data)      52232 (  51.01kB)

==============================================================================

